Archive member included to satisfy reference by file (symbol)

d:/stmcubeid/stm32cubeide_1.10.1/stm32cubeide/plugins/com.st.stm32cube.ide.mcu.externaltools.gnu-tools-for-stm32.10.3-2021.10.win32_1.0.0.202111181127/tools/bin/../lib/gcc/arm-none-eabi/10.3.1/../../../../arm-none-eabi/lib/thumb/v7e-m+fp/hard\libc_nano.a(lib_a-errno.o)
                              ./Core/Src/syscalls.o (__errno)
d:/stmcubeid/stm32cubeide_1.10.1/stm32cubeide/plugins/com.st.stm32cube.ide.mcu.externaltools.gnu-tools-for-stm32.10.3-2021.10.win32_1.0.0.202111181127/tools/bin/../lib/gcc/arm-none-eabi/10.3.1/../../../../arm-none-eabi/lib/thumb/v7e-m+fp/hard\libc_nano.a(lib_a-exit.o)
                              d:/stmcubeid/stm32cubeide_1.10.1/stm32cubeide/plugins/com.st.stm32cube.ide.mcu.externaltools.gnu-tools-for-stm32.10.3-2021.10.win32_1.0.0.202111181127/tools/bin/../lib/gcc/arm-none-eabi/10.3.1/../../../../arm-none-eabi/lib/thumb/v7e-m+fp/hard/crt0.o (exit)
d:/stmcubeid/stm32cubeide_1.10.1/stm32cubeide/plugins/com.st.stm32cube.ide.mcu.externaltools.gnu-tools-for-stm32.10.3-2021.10.win32_1.0.0.202111181127/tools/bin/../lib/gcc/arm-none-eabi/10.3.1/../../../../arm-none-eabi/lib/thumb/v7e-m+fp/hard\libc_nano.a(lib_a-impure.o)
                              d:/stmcubeid/stm32cubeide_1.10.1/stm32cubeide/plugins/com.st.stm32cube.ide.mcu.externaltools.gnu-tools-for-stm32.10.3-2021.10.win32_1.0.0.202111181127/tools/bin/../lib/gcc/arm-none-eabi/10.3.1/../../../../arm-none-eabi/lib/thumb/v7e-m+fp/hard\libc_nano.a(lib_a-exit.o) (_global_impure_ptr)
d:/stmcubeid/stm32cubeide_1.10.1/stm32cubeide/plugins/com.st.stm32cube.ide.mcu.externaltools.gnu-tools-for-stm32.10.3-2021.10.win32_1.0.0.202111181127/tools/bin/../lib/gcc/arm-none-eabi/10.3.1/../../../../arm-none-eabi/lib/thumb/v7e-m+fp/hard\libc_nano.a(lib_a-init.o)
                              d:/stmcubeid/stm32cubeide_1.10.1/stm32cubeide/plugins/com.st.stm32cube.ide.mcu.externaltools.gnu-tools-for-stm32.10.3-2021.10.win32_1.0.0.202111181127/tools/bin/../lib/gcc/arm-none-eabi/10.3.1/../../../../arm-none-eabi/lib/thumb/v7e-m+fp/hard/crt0.o (__libc_init_array)
d:/stmcubeid/stm32cubeide_1.10.1/stm32cubeide/plugins/com.st.stm32cube.ide.mcu.externaltools.gnu-tools-for-stm32.10.3-2021.10.win32_1.0.0.202111181127/tools/bin/../lib/gcc/arm-none-eabi/10.3.1/../../../../arm-none-eabi/lib/thumb/v7e-m+fp/hard\libc_nano.a(lib_a-memset.o)
                              d:/stmcubeid/stm32cubeide_1.10.1/stm32cubeide/plugins/com.st.stm32cube.ide.mcu.externaltools.gnu-tools-for-stm32.10.3-2021.10.win32_1.0.0.202111181127/tools/bin/../lib/gcc/arm-none-eabi/10.3.1/../../../../arm-none-eabi/lib/thumb/v7e-m+fp/hard/crt0.o (memset)
d:/stmcubeid/stm32cubeide_1.10.1/stm32cubeide/plugins/com.st.stm32cube.ide.mcu.externaltools.gnu-tools-for-stm32.10.3-2021.10.win32_1.0.0.202111181127/tools/bin/../lib/gcc/arm-none-eabi/10.3.1/../../../../arm-none-eabi/lib/thumb/v7e-m+fp/hard\libc_nano.a(lib_a-nano-vfprintf_float.o)
                              (_printf_float)
d:/stmcubeid/stm32cubeide_1.10.1/stm32cubeide/plugins/com.st.stm32cube.ide.mcu.externaltools.gnu-tools-for-stm32.10.3-2021.10.win32_1.0.0.202111181127/tools/bin/../lib/gcc/arm-none-eabi/10.3.1/../../../../arm-none-eabi/lib/thumb/v7e-m+fp/hard\libc_nano.a(lib_a-nano-vfprintf_i.o)
                              d:/stmcubeid/stm32cubeide_1.10.1/stm32cubeide/plugins/com.st.stm32cube.ide.mcu.externaltools.gnu-tools-for-stm32.10.3-2021.10.win32_1.0.0.202111181127/tools/bin/../lib/gcc/arm-none-eabi/10.3.1/../../../../arm-none-eabi/lib/thumb/v7e-m+fp/hard\libc_nano.a(lib_a-nano-vfprintf_float.o) (_printf_common)
d:/stmcubeid/stm32cubeide_1.10.1/stm32cubeide/plugins/com.st.stm32cube.ide.mcu.externaltools.gnu-tools-for-stm32.10.3-2021.10.win32_1.0.0.202111181127/tools/bin/../lib/gcc/arm-none-eabi/10.3.1/../../../../arm-none-eabi/lib/thumb/v7e-m+fp/hard\libc_nano.a(lib_a-sprintf.o)
                              ./Core/Src/main.o (sprintf)
d:/stmcubeid/stm32cubeide_1.10.1/stm32cubeide/plugins/com.st.stm32cube.ide.mcu.externaltools.gnu-tools-for-stm32.10.3-2021.10.win32_1.0.0.202111181127/tools/bin/../lib/gcc/arm-none-eabi/10.3.1/../../../../arm-none-eabi/lib/thumb/v7e-m+fp/hard\libc_nano.a(lib_a-strlen.o)
                              ./Core/Src/main.o (strlen)
d:/stmcubeid/stm32cubeide_1.10.1/stm32cubeide/plugins/com.st.stm32cube.ide.mcu.externaltools.gnu-tools-for-stm32.10.3-2021.10.win32_1.0.0.202111181127/tools/bin/../lib/gcc/arm-none-eabi/10.3.1/../../../../arm-none-eabi/lib/thumb/v7e-m+fp/hard\libc_nano.a(lib_a-dtoa.o)
                              d:/stmcubeid/stm32cubeide_1.10.1/stm32cubeide/plugins/com.st.stm32cube.ide.mcu.externaltools.gnu-tools-for-stm32.10.3-2021.10.win32_1.0.0.202111181127/tools/bin/../lib/gcc/arm-none-eabi/10.3.1/../../../../arm-none-eabi/lib/thumb/v7e-m+fp/hard\libc_nano.a(lib_a-nano-vfprintf_float.o) (_dtoa_r)
[...]
Memory Configuration

Name             Origin             Length             Attributes
CCMRAM           0x0000000010000000 0x0000000000010000 xrw
RAM              0x0000000020000000 0x0000000000030000 xrw
FLASH            0x0000000008000000 0x0000000000200000 xr
*default*        0x0000000000000000 0xffffffffffffffff

Linker script and memory map

LOAD d:/stmcubeid/stm32cubeide_1.10.1/stm32cubeide/plugins/com.st.stm32cube.ide.mcu.externaltools.gnu-tools-for-stm32.10.3-2021.10.win32_1.0.0.202111181127/tools/bin/../lib/gcc/arm-none-eabi/10.3.1/thumb/v7e-m+fp/hard/crti.o
LOAD d:/stmcubeid/stm32cubeide_1.10.1/stm32cubeide/plugins/com.st.stm32cube.ide.mcu.externaltools.gnu-tools-for-stm32.10.3-2021.10.win32_1.0.0.202111181127/tools/bin/../lib/gcc/arm-none-eabi/10.3.1/thumb/v7e-m+fp/hard/crtbegin.o
LOAD d:/stmcubeid/stm32cubeide_1.10.1/stm32cubeide/plugins/com.st.stm32cube.ide.mcu.externaltools.gnu-tools-for-stm32.10.3-2021.10.win32_1.0.0.202111181127/tools/bin/../lib/gcc/arm-none-eabi/10.3.1/../../../../arm-none-eabi/lib/thumb/v7e-m+fp/hard/crt0.o
LOAD ./Core/Src/main.o
LOAD ./Core/Src/stm32f4xx_hal_msp.o
LOAD ./Core/Src/stm32f4xx_it.o
LOAD ./Core/Src/syscalls.o
LOAD ./Core/Src/sysmem.o
LOAD ./Core/Src/system_stm32f4xx.o
LOAD ./Core/Startup/startup_stm32f429zitx.o
LOAD ./Drivers/BSP/Components/cs43l22/cs43l22.o
LOAD ./Drivers/BSP/Components/dp83848/dp83848.o
LOAD ./Drivers/BSP/Components/exc7200/exc7200.o
LOAD ./Drivers/BSP/Components/ft3x67/ft3x67.o
LOAD ./Drivers/BSP/Components/ft6x06/ft6x06.o
LOAD ./Drivers/BSP/Components/i3g4250d/i3g4250d.o
LOAD ./Drivers/BSP/Components/ili9325/ili9325.o
LOAD ./Drivers/BSP/Components/ili9341/ili9341.o
LOAD ./Drivers/BSP/Components/l3gd20/l3gd20.o
LOAD ./Drivers/BSP/Components/lan8742/lan8742.o
LOAD ./Drivers/BSP/Components/lis302dl/lis302dl.o
LOAD ./Drivers/BSP/Components/lis3dsh/lis3dsh.o
LOAD ./Drivers/BSP/Components/ls016b8uy/ls016b8uy.o
LOAD ./Drivers/BSP/Components/lsm303agr/lsm303agr.o
LOAD ./Drivers/BSP/Components/lsm303dlhc/lsm303dlhc.o
LOAD ./Drivers/BSP/Components/mfxstm32l152/mfxstm32l152.o
LOAD ./Drivers/BSP/Components/nt35510/nt35510.o
LOAD ./Drivers/BSP/Components/otm8009a/otm8009a.o
LOAD ./Drivers/BSP/Components/ov2640/ov2640.o
LOAD ./Drivers/BSP/Components/ov5640/ov5640.o
LOAD ./Drivers/BSP/Components/s5k5cag/s5k5cag.o
LOAD ./Drivers/BSP/Components/st7735/st7735.o
LOAD ./Drivers/BSP/Components/st7789h2/st7789h2.o
LOAD ./Drivers/BSP/Components/stmpe1600/stmpe1600.o
LOAD ./Drivers/BSP/Components/stmpe811/stmpe811.o
LOAD ./Drivers/BSP/Components/ts3510/ts3510.o
LOAD ./Drivers/BSP/Components/wm8994/wm8994.o
LOAD ./Drivers/BSP/STM32F429I-Discovery/stm32f429i_discovery.o
LOAD ./Drivers/BSP/STM32F429I-Discovery/stm32f429i_discovery_eeprom.o
LOAD ./Drivers/BSP/STM32F429I-Discovery/stm32f429i_discovery_gyroscope.o
LOAD ./Drivers/BSP/STM32F429I-Discovery/stm32f429i_discovery_io.o
LOAD ./Drivers/BSP/STM32F429I-Discovery/stm32f429i_discovery_lcd.o
LOAD ./Drivers/BSP/STM32F429I-Discovery/stm32f429i_discovery_sdram.o
LOAD ./Drivers/BSP/STM32F429I-Discovery/stm32f429i_discovery_ts.o
LOAD ./Drivers/STM32F4xx_HAL_Driver/stm32f4xx_hal.o
LOAD ./Drivers/STM32F4xx_HAL_Driver/stm32f4xx_hal_cortex.o
LOAD ./Drivers/STM32F4xx_HAL_Driver/stm32f4xx_hal_dma.o
LOAD ./Drivers/STM32F4xx_HAL_Driver/stm32f4xx_hal_dma2d.o
LOAD ./Drivers/STM32F4xx_HAL_Driver/stm32f4xx_hal_dma_ex.o
LOAD ./Drivers/STM32F4xx_HAL_Driver/stm32f4xx_hal_exti.o
LOAD ./Drivers/STM32F4xx_HAL_Driver/stm32f4xx_hal_flash.o
LOAD ./Drivers/STM32F4xx_HAL_Driver/stm32f4xx_hal_flash_ex.o
LOAD ./Drivers/STM32F4xx_HAL_Driver/stm32f4xx_hal_flash_ramfunc.o
LOAD ./Drivers/STM32F4xx_HAL_Driver/stm32f4xx_hal_gpio.o
LOAD ./Drivers/STM32F4xx_HAL_Driver/stm32f4xx_hal_i2c.o
LOAD ./Drivers/STM32F4xx_HAL_Driver/stm32f4xx_hal_ltdc.o
LOAD ./Drivers/STM32F4xx_HAL_Driver/stm32f4xx_hal_pcd.o
LOAD ./Drivers/STM32F4xx_HAL_Driver/stm32f4xx_hal_pcd_ex.o
LOAD ./Drivers/STM32F4xx_HAL_Driver/stm32f4xx_hal_pwr.o
LOAD ./Drivers/STM32F4xx_HAL_Driver/stm32f4xx_hal_pwr_ex.o
LOAD ./Drivers/STM32F4xx_HAL_Driver/stm32f4xx_hal_rcc.o
LOAD ./Drivers/STM32F4xx_HAL_Driver/stm32f4xx_hal_rcc_ex.o
LOAD ./Drivers/STM32F4xx_HAL_Driver/stm32f4xx_hal_sdram.o
LOAD ./Drivers/STM32F4xx_HAL_Driver/stm32f4xx_hal_spi.o
LOAD ./Drivers/STM32F4xx_HAL_Driver/stm32f4xx_ll_fmc.o
LOAD ./Drivers/STM32F4xx_HAL_Driver/stm32f4xx_ll_usb.o
LOAD ./Middlewares/USB_Device_Library/usbd_cdc.o
LOAD ./Middlewares/USB_Device_Library/usbd_core.o
LOAD ./Middlewares/USB_Device_Library/usbd_ctlreq.o
LOAD ./Middlewares/USB_Device_Library/usbd_ioreq.o
LOAD ./USB_DEVICE/App/usb_device.o
LOAD ./USB_DEVICE/App/usbd_cdc_if.o
LOAD ./USB_DEVICE/App/usbd_desc.o
LOAD ./USB_DEVICE/Target/usbd_conf.o
START GROUP
LOAD d:/stmcubeid/stm32cubeide_1.10.1/stm32cubeide/plugins/com.st.stm32cube.ide.mcu.externaltools.gnu-tools-for-stm32.10.3-2021.10.win32_1.0.0.202111181127/tools/bin/../lib/gcc/arm-none-eabi/10.3.1/../../../../arm-none-eabi/lib/thumb/v7e-m+fp/hard\libc_nano.a
LOAD d:/stmcubeid/stm32cubeide_1.10.1/stm32cubeide/plugins/com.st.stm32cube.ide.mcu.externaltools.gnu-tools-for-stm32.10.3-2021.10.win32_1.0.0.202111181127/tools/bin/../lib/gcc/arm-none-eabi/10.3.1/../../../../arm-none-eabi/lib/thumb/v7e-m+fp/hard\libm.a
END GROUP
START GROUP
LOAD d:/stmcubeid/stm32cubeide_1.10.1/stm32cubeide/plugins/com.st.stm32cube.ide.mcu.externaltools.gnu-tools-for-stm32.10.3-2021.10.win32_1.0.0.202111181127/tools/bin/../lib/gcc/arm-none-eabi/10.3.1/thumb/v7e-m+fp/hard\libgcc.a
LOAD d:/stmcubeid/stm32cubeide_1.10.1/stm32cubeide/plugins/com.st.stm32cube.ide.mcu.externaltools.gnu-tools-for-stm32.10.3-2021.10.win32_1.0.0.202111181127/tools/bin/../lib/gcc/arm-none-eabi/10.3.1/../../../../arm-none-eabi/lib/thumb/v7e-m+fp/hard\libc_nano.a
END GROUP
START GROUP
LOAD d:/stmcubeid/stm32cubeide_1.10.1/stm32cubeide/plugins/com.st.stm32cube.ide.mcu.externaltools.gnu-tools-for-stm32.10.3-2021.10.win32_1.0.0.202111181127/tools/bin/../lib/gcc/arm-none-eabi/10.3.1/thumb/v7e-m+fp/hard\libgcc.a
LOAD d:/stmcubeid/stm32cubeide_1.10.1/stm32cubeide/plugins/com.st.stm32cube.ide.mcu.externaltools.gnu-tools-for-stm32.10.3-2021.10.win32_1.0.0.202111181127/tools/bin/../lib/gcc/arm-none-eabi/10.3.1/../../../../arm-none-eabi/lib/thumb/v7e-m+fp/hard\libc_nano.a
LOAD d:/stmcubeid/stm32cubeide_1.10.1/stm32cubeide/plugins/com.st.stm32cube.ide.mcu.externaltools.gnu-tools-for-stm32.10.3-2021.10.win32_1.0.0.202111181127/tools/bin/../lib/gcc/arm-none-eabi/10.3.1/../../../../arm-none-eabi/lib/thumb/v7e-m+fp/hard\libnosys.a
END GROUP
START GROUP
LOAD d:/stmcubeid/stm32cubeide_1.10.1/stm32cubeide/plugins/com.st.stm32cube.ide.mcu.externaltools.gnu-tools-for-stm32.10.3-2021.10.win32_1.0.0.202111181127/tools/bin/../lib/gcc/arm-none-eabi/10.3.1/thumb/v7e-m+fp/hard\libgcc.a
LOAD d:/stmcubeid/stm32cubeide_1.10.1/stm32cubeide/plugins/com.st.stm32cube.ide.mcu.externaltools.gnu-tools-for-stm32.10.3-2021.10.win32_1.0.0.202111181127/tools/bin/../lib/gcc/arm-none-eabi/10.3.1/../../../../arm-none-eabi/lib/thumb/v7e-m+fp/hard\libc_nano.a
LOAD d:/stmcubeid/stm32cubeide_1.10.1/stm32cubeide/plugins/com.st.stm32cube.ide.mcu.externaltools.gnu-tools-for-stm32.10.3-2021.10.win32_1.0.0.202111181127/tools/bin/../lib/gcc/arm-none-eabi/10.3.1/../../../../arm-none-eabi/lib/thumb/v7e-m+fp/hard\libnosys.a
END GROUP
LOAD d:/stmcubeid/stm32cubeide_1.10.1/stm32cubeide/plugins/com.st.stm32cube.ide.mcu.externaltools.gnu-tools-for-stm32.10.3-2021.10.win32_1.0.0.202111181127/tools/bin/../lib/gcc/arm-none-eabi/10.3.1/thumb/v7e-m+fp/hard/crtend.o
LOAD d:/stmcubeid/stm32cubeide_1.10.1/stm32cubeide/plugins/com.st.stm32cube.ide.mcu.externaltools.gnu-tools-for-stm32.10.3-2021.10.win32_1.0.0.202111181127/tools/bin/../lib/gcc/arm-none-eabi/10.3.1/thumb/v7e-m+fp/hard/crtn.o
                0x0000000020030000                _estack = (ORIGIN (RAM) + LENGTH (RAM))
                0x0000000000002000                _Min_Heap_Size = 0x2000
                0x0000000000000400                _Min_Stack_Size = 0x400

.isr_vector     0x0000000008000000      0x1ac
                0x0000000008000000                . = ALIGN (0x4)
 *(.isr_vector)
 .isr_vector    0x0000000008000000      0x1ac ./Core/Startup/startup_stm32f429zitx.o
                0x0000000008000000                g_pfnVectors
                0x00000000080001ac                . = ALIGN (0x4)

.text           0x00000000080001b0     0xe958
                0x00000000080001b0                . = ALIGN (0x4)
 *(.text)
 .text          0x00000000080001b0       0x40 d:/stmcubeid/stm32cubeide_1.10.1/stm32cubeide/plugins/com.st.stm32cube.ide.mcu.externaltools.gnu-tools-for-stm32.10.3-2021.10.win32_1.0.0.202111181127/tools/bin/../lib/gcc/arm-none-eabi/10.3.1/thumb/v7e-m+fp/hard/crtbegin.o
 .text          0x00000000080001f0       0x10 d:/stmcubeid/stm32cubeide_1.10.1/stm32cubeide/plugins/com.st.stm32cube.ide.mcu.externaltools.gnu-tools-for-stm32.10.3-2021.10.win32_1.0.0.202111181127/tools/bin/../lib/gcc/arm-none-eabi/10.3.1/../../../../arm-none-eabi/lib/thumb/v7e-m+fp/hard\libc_nano.a(lib_a-strlen.o)
                0x00000000080001f0                strlen
 .text          0x0000000008000200       0xa0 d:/stmcubeid/stm32cubeide_1.10.1/stm32cubeide/plugins/com.st.stm32cube.ide.mcu.externaltools.gnu-tools-for-stm32.10.3-2021.10.win32_1.0.0.202111181127/tools/bin/../lib/gcc/arm-none-eabi/10.3.1/../../../../arm-none-eabi/lib/thumb/v7e-m+fp/hard\libc_nano.a(lib_a-memchr.o)
                0x0000000008000200                memchr
 .text          0x00000000080002a0      0x378 d:/stmcubeid/stm32cubeide_1.10.1/stm32cubeide/plugins/com.st.stm32cube.ide.mcu.externaltools.gnu-tools-for-stm32.10.3-2021.10.win32_1.0.0.202111181127/tools/bin/../lib/gcc/arm-none-eabi/10.3.1/thumb/v7e-m+fp/hard\libgcc.a(_arm_addsubdf3.o)
                0x00000000080002a0                __aeabi_drsub
                0x00000000080002a8                __aeabi_dsub
                0x00000000080002a8                __subdf3
                0x00000000080002ac                __aeabi_dadd
                0x00000000080002ac                __adddf3
                0x0000000008000524                __floatunsidf
                0x0000000008000524                __aeabi_ui2d
                0x0000000008000544                __floatsidf
                0x0000000008000544                __aeabi_i2d
                0x0000000008000568                __aeabi_f2d
                0x0000000008000568                __extendsfdf2
                0x00000000080005ac                __floatundidf
                0x00000000080005ac                __aeabi_ul2d
                0x00000000080005bc                __floatdidf
                0x00000000080005bc                __aeabi_l2d
 .text          0x0000000008000618      0x424 d:/stmcubeid/stm32cubeide_1.10.1/stm32cubeide/plugins/com.st.stm32cube.ide.mcu.externaltools.gnu-tools-for-stm32.10.3-2021.10.win32_1.0.0.202111181127/tools/bin/../lib/gcc/arm-none-eabi/10.3.1/thumb/v7e-m+fp/hard\libgcc.a(_arm_muldivdf3.o)
                0x0000000008000618                __aeabi_dmul
                0x0000000008000618                __muldf3
                0x000000000800086c                __divdf3
                0x000000000800086c                __aeabi_ddiv
 .text          0x0000000008000a3c      0x110 d:/stmcubeid/stm32cubeide_1.10.1/stm32cubeide/plugins/com.st.stm32cube.ide.mcu.externaltools.gnu-tools-for-stm32.10.3-2021.10.win32_1.0.0.202111181127/tools/bin/../lib/gcc/arm-none-eabi/10.3.1/thumb/v7e-m+fp/hard\libgcc.a(_arm_cmpdf2.o)
                0x0000000008000a3c                __gtdf2
                0x0000000008000a3c                __gedf2
                0x0000000008000a44                __ltdf2
                0x0000000008000a44                __ledf2
                0x0000000008000a4c                __nedf2
                0x0000000008000a4c                __eqdf2
                0x0000000008000a4c                __cmpdf2
                0x0000000008000ac8                __aeabi_cdrcmple
                0x0000000008000ad8                __aeabi_cdcmpeq
                0x0000000008000ad8                __aeabi_cdcmple
                0x0000000008000ae8                __aeabi_dcmpeq
                0x0000000008000afc                __aeabi_dcmplt
                0x0000000008000b10                __aeabi_dcmple
                0x0000000008000b24                __aeabi_dcmpge
                0x0000000008000b38                __aeabi_dcmpgt
 .text          0x0000000008000b4c       0x2c d:/stmcubeid/stm32cubeide_1.10.1/stm32cubeide/plugins/com.st.stm32cube.ide.mcu.externaltools.gnu-tools-for-stm32.10.3-2021.10.win32_1.0.0.202111181127/tools/bin/../lib/gcc/arm-none-eabi/10.3.1/thumb/v7e-m+fp/hard\libgcc.a(_arm_unorddf2.o)
                0x0000000008000b4c                __unorddf2
                0x0000000008000b4c                __aeabi_dcmpun
 .text          0x0000000008000b78       0x50 d:/stmcubeid/stm32cubeide_1.10.1/stm32cubeide/plugins/com.st.stm32cube.ide.mcu.externaltools.gnu-tools-for-stm32.10.3-2021.10.win32_1.0.0.202111181127/tools/bin/../lib/gcc/arm-none-eabi/10.3.1/thumb/v7e-m+fp/hard\libgcc.a(_arm_fixdfsi.o)
                0x0000000008000b78                __aeabi_d2iz
                0x0000000008000b78                __fixdfsi
 .text          0x0000000008000bc8       0xa0 d:/stmcubeid/stm32cubeide_1.10.1/stm32cubeide/plugins/com.st.stm32cube.ide.mcu.externaltools.gnu-tools-for-stm32.10.3-2021.10.win32_1.0.0.202111181127/tools/bin/../lib/gcc/arm-none-eabi/10.3.1/thumb/v7e-m+fp/hard\libgcc.a(_arm_truncdfsf2.o)
                0x0000000008000bc8                __truncdfsf2
                0x0000000008000bc8                __aeabi_d2f
 .text          0x0000000008000c68       0x30 d:/stmcubeid/stm32cubeide_1.10.1/stm32cubeide/plugins/com.st.stm32cube.ide.mcu.externaltools.gnu-tools-for-stm32.10.3-2021.10.win32_1.0.0.202111181127/tools/bin/../lib/gcc/arm-none-eabi/10.3.1/thumb/v7e-m+fp/hard\libgcc.a(_aeabi_uldivmod.o)
                0x0000000008000c68                __aeabi_uldivmod
 .text          0x0000000008000c98      0x2d0 d:/stmcubeid/stm32cubeide_1.10.1/stm32cubeide/plugins/com.st.stm32cube.ide.mcu.externaltools.gnu-tools-for-stm32.10.3-2021.10.win32_1.0.0.202111181127/tools/bin/../lib/gcc/arm-none-eabi/10.3.1/thumb/v7e-m+fp/hard\libgcc.a(_udivmoddi4.o)
                0x0000000008000c98                __udivmoddi4
 .text          0x0000000008000f68        0x4 d:/stmcubeid/stm32cubeide_1.10.1/stm32cubeide/plugins/com.st.stm32cube.ide.mcu.externaltools.gnu-tools-for-stm32.10.3-2021.10.win32_1.0.0.202111181127/tools/bin/../lib/gcc/arm-none-eabi/10.3.1/thumb/v7e-m+fp/hard\libgcc.a(_dvmd_tls.o)
                0x0000000008000f68                __aeabi_idiv0
                0x0000000008000f68                __aeabi_ldiv0
 *(.text*)
 *fill*         0x0000000008000f6c        0x4 
 .text.main     0x0000000008000f70      0x404 ./Core/Src/main.o
                0x0000000008000f70                main
 .text.SystemClock_Config
                0x0000000008001374       0xd4 ./Core/Src/main.o
                0x0000000008001374                SystemClock_Config
 .text.MX_SPI5_Init
                0x0000000008001448       0x6c ./Core/Src/main.o
 .text.MX_GPIO_Init
                0x00000000080014b4      0x108 ./Core/Src/main.o
 .text.Error_Handler
                0x00000000080015bc        0xa ./Core/Src/main.o
                0x00000000080015bc                Error_Handler
 *fill*         0x00000000080015c6        0x2 
 .text.HAL_MspInit
                0x00000000080015c8       0x50 ./Core/Src/stm32f4xx_hal_msp.o
                0x00000000080015c8                HAL_MspInit
 .text.HAL_SPI_MspInit
                0x0000000008001618       0x90 ./Core/Src/stm32f4xx_hal_msp.o
                0x0000000008001618                HAL_SPI_MspInit
 .text.HAL_SPI_MspDeInit
                0x00000000080016a8       0x3c ./Core/Src/stm32f4xx_hal_msp.o
                0x00000000080016a8                HAL_SPI_MspDeInit
 .text.NMI_Handler
                0x00000000080016e4        0x6 ./Core/Src/stm32f4xx_it.o
                0x00000000080016e4                NMI_Handler
 .text.HardFault_Handler
                0x00000000080016ea        0x6 ./Core/Src/stm32f4xx_it.o
                0x00000000080016ea                HardFault_Handler
 .text.MemManage_Handler
                0x00000000080016f0        0x6 ./Core/Src/stm32f4xx_it.o
                0x00000000080016f0                MemManage_Handler
 .text.BusFault_Handler
                0x00000000080016f6        0x6 ./Core/Src/stm32f4xx_it.o
                0x00000000080016f6                BusFault_Handler
 .text.UsageFault_Handler
                0x00000000080016fc        0x6 ./Core/Src/stm32f4xx_it.o
                0x00000000080016fc                UsageFault_Handler
 .text.SVC_Handler
                0x0000000008001702        0xe ./Core/Src/stm32f4xx_it.o
                0x0000000008001702                SVC_Handler
 .text.DebugMon_Handler
                0x0000000008001710        0xe ./Core/Src/stm32f4xx_it.o
                0x0000000008001710                DebugMon_Handler
 .text.PendSV_Handler
                0x000000000800171e        0xe ./Core/Src/stm32f4xx_it.o
                0x000000000800171e                PendSV_Handler
 .text.SysTick_Handler
                0x000000000800172c        0xc ./Core/Src/stm32f4xx_it.o
                0x000000000800172c                SysTick_Handler
 .text.OTG_HS_IRQHandler
                0x0000000008001738       0x14 ./Core/Src/stm32f4xx_it.o
                0x0000000008001738                OTG_HS_IRQHandler
 .text._getpid  0x000000000800174c       0x10 ./Core/Src/syscalls.o
                0x000000000800174c                _getpid
 .text._kill    0x000000000800175c       0x20 ./Core/Src/syscalls.o
                0x000000000800175c                _kill
 .text._exit    0x000000000800177c       0x14 ./Core/Src/syscalls.o
                0x000000000800177c                _exit
 .text._read    0x0000000008001790       0x3a ./Core/Src/syscalls.o
                0x0000000008001790                _read
 .text._write   0x00000000080017ca       0x38 ./Core/Src/syscalls.o
                0x00000000080017ca                _write
 .text._close   0x0000000008001802       0x18 ./Core/Src/syscalls.o
                0x0000000008001802                _close
 .text._fstat   0x000000000800181a       0x20 ./Core/Src/syscalls.o
                0x000000000800181a                _fstat
 .text._isatty  0x000000000800183a       0x16 ./Core/Src/syscalls.o
                0x000000000800183a                _isatty
 .text._lseek   0x0000000008001850       0x1a ./Core/Src/syscalls.o
                0x0000000008001850                _lseek
 *fill*         0x000000000800186a        0x2 
 .text._sbrk    0x000000000800186c       0x6c ./Core/Src/sysmem.o
                0x000000000800186c                _sbrk
 .text.SystemInit
                0x00000000080018d8       0x24 ./Core/Src/system_stm32f4xx.o
                0x00000000080018d8                SystemInit
 .text.Reset_Handler
                0x00000000080018fc       0x50 ./Core/Startup/startup_stm32f429zitx.o
                0x00000000080018fc                Reset_Handler
 .text.Default_Handler
                0x000000000800194c        0x2 ./Core/Startup/startup_stm32f429zitx.o
                0x000000000800194c                RTC_Alarm_IRQHandler
                0x000000000800194c                HASH_RNG_IRQHandler
                0x000000000800194c                EXTI2_IRQHandler
                0x000000000800194c                TIM8_CC_IRQHandler
                0x000000000800194c                UART8_IRQHandler
                0x000000000800194c                SPI4_IRQHandler
                0x000000000800194c                TIM1_CC_IRQHandler
                0x000000000800194c                DMA2_Stream5_IRQHandler
                0x000000000800194c                DMA1_Stream5_IRQHandler
                0x000000000800194c                PVD_IRQHandler
                0x000000000800194c                SDIO_IRQHandler
                0x000000000800194c                TAMP_STAMP_IRQHandler
                0x000000000800194c                CAN2_RX1_IRQHandler
                0x000000000800194c                EXTI3_IRQHandler
                0x000000000800194c                TIM8_TRG_COM_TIM14_IRQHandler
                0x000000000800194c                TIM1_UP_TIM10_IRQHandler
                0x000000000800194c                TIM8_UP_TIM13_IRQHandler
                0x000000000800194c                I2C3_ER_IRQHandler
                0x000000000800194c                EXTI0_IRQHandler
                0x000000000800194c                I2C2_EV_IRQHandler
                0x000000000800194c                DMA1_Stream2_IRQHandler
                0x000000000800194c                CAN1_RX0_IRQHandler
                0x000000000800194c                FPU_IRQHandler
                0x000000000800194c                OTG_HS_WKUP_IRQHandler
                0x000000000800194c                LTDC_ER_IRQHandler
                0x000000000800194c                CAN2_SCE_IRQHandler
                0x000000000800194c                DMA2_Stream2_IRQHandler
                0x000000000800194c                SPI1_IRQHandler
                0x000000000800194c                TIM6_DAC_IRQHandler
                0x000000000800194c                TIM1_BRK_TIM9_IRQHandler
                0x000000000800194c                DCMI_IRQHandler
                0x000000000800194c                CAN2_RX0_IRQHandler
                0x000000000800194c                DMA2_Stream3_IRQHandler
                0x000000000800194c                USART6_IRQHandler
                0x000000000800194c                USART3_IRQHandler
                0x000000000800194c                CAN1_RX1_IRQHandler
                0x000000000800194c                UART5_IRQHandler
                0x000000000800194c                DMA2_Stream0_IRQHandler
                0x000000000800194c                TIM4_IRQHandler
                0x000000000800194c                I2C1_EV_IRQHandler
                0x000000000800194c                DMA1_Stream6_IRQHandler
                0x000000000800194c                DMA1_Stream1_IRQHandler
                0x000000000800194c                UART4_IRQHandler
                0x000000000800194c                TIM3_IRQHandler
                0x000000000800194c                RCC_IRQHandler
                0x000000000800194c                TIM8_BRK_TIM12_IRQHandler
                0x000000000800194c                Default_Handler
                0x000000000800194c                EXTI15_10_IRQHandler
                0x000000000800194c                ADC_IRQHandler
                0x000000000800194c                DMA1_Stream7_IRQHandler
                0x000000000800194c                SPI5_IRQHandler
                0x000000000800194c                TIM7_IRQHandler
                0x000000000800194c                CAN2_TX_IRQHandler
                0x000000000800194c                TIM5_IRQHandler
                0x000000000800194c                DMA2_Stream7_IRQHandler
                0x000000000800194c                I2C3_EV_IRQHandler
                0x000000000800194c                EXTI9_5_IRQHandler
                0x000000000800194c                RTC_WKUP_IRQHandler
                0x000000000800194c                LTDC_IRQHandler
                0x000000000800194c                ETH_WKUP_IRQHandler
                0x000000000800194c                SPI2_IRQHandler
                0x000000000800194c                OTG_HS_EP1_IN_IRQHandler
                0x000000000800194c                DMA1_Stream0_IRQHandler
                0x000000000800194c                CAN1_TX_IRQHandler
                0x000000000800194c                EXTI4_IRQHandler
                0x000000000800194c                ETH_IRQHandler
                0x000000000800194c                OTG_HS_EP1_OUT_IRQHandler
                0x000000000800194c                WWDG_IRQHandler
                0x000000000800194c                SPI6_IRQHandler
                0x000000000800194c                TIM2_IRQHandler
                0x000000000800194c                OTG_FS_WKUP_IRQHandler
                0x000000000800194c                TIM1_TRG_COM_TIM11_IRQHandler
                0x000000000800194c                DMA2D_IRQHandler
                0x000000000800194c                EXTI1_IRQHandler
                0x000000000800194c                UART7_IRQHandler
                0x000000000800194c                USART2_IRQHandler
                0x000000000800194c                I2C2_ER_IRQHandler
                0x000000000800194c                DMA2_Stream1_IRQHandler
                0x000000000800194c                CAN1_SCE_IRQHandler
                0x000000000800194c                FLASH_IRQHandler
                0x000000000800194c                DMA2_Stream4_IRQHandler
                0x000000000800194c                USART1_IRQHandler
                0x000000000800194c                OTG_FS_IRQHandler
                0x000000000800194c                SPI3_IRQHandler
                0x000000000800194c                DMA1_Stream4_IRQHandler
                0x000000000800194c                I2C1_ER_IRQHandler
                0x000000000800194c                FMC_IRQHandler
                0x000000000800194c                DMA2_Stream6_IRQHandler
                0x000000000800194c                SAI1_IRQHandler
                0x000000000800194c                DMA1_Stream3_IRQHandler
 .text.ili9341_Init
                0x000000000800194e      0x294 ./Drivers/BSP/Components/ili9341/ili9341.o
                0x000000000800194e                ili9341_Init
 .text.ili9341_ReadID
                0x0000000008001be2       0x18 ./Drivers/BSP/Components/ili9341/ili9341.o
                0x0000000008001be2                ili9341_ReadID
 .text.ili9341_DisplayOn
                0x0000000008001bfa        0xe ./Drivers/BSP/Components/ili9341/ili9341.o
                0x0000000008001bfa                ili9341_DisplayOn
 .text.ili9341_DisplayOff
                0x0000000008001c08        0xe ./Drivers/BSP/Components/ili9341/ili9341.o
                0x0000000008001c08                ili9341_DisplayOff
 .text.ili9341_WriteReg
                0x0000000008001c16       0x1a ./Drivers/BSP/Components/ili9341/ili9341.o
                0x0000000008001c16                ili9341_WriteReg
 .text.ili9341_WriteData
                0x0000000008001c30       0x1a ./Drivers/BSP/Components/ili9341/ili9341.o
                0x0000000008001c30                ili9341_WriteData
 .text.ili9341_ReadData
                0x0000000008001c4a       0x26 ./Drivers/BSP/Components/ili9341/ili9341.o
                0x0000000008001c4a                ili9341_ReadData
 .text.ili9341_GetLcdPixelWidth
                0x0000000008001c70       0x10 ./Drivers/BSP/Components/ili9341/ili9341.o
                0x0000000008001c70                ili9341_GetLcdPixelWidth
 .text.ili9341_GetLcdPixelHeight
                0x0000000008001c80       0x12 ./Drivers/BSP/Components/ili9341/ili9341.o
                0x0000000008001c80                ili9341_GetLcdPixelHeight
 .text.L3GD20_Init
                0x0000000008001c92       0x46 ./Drivers/BSP/Components/l3gd20/l3gd20.o
                0x0000000008001c92                L3GD20_Init
 .text.L3GD20_DeInit
                0x0000000008001cd8        0xe ./Drivers/BSP/Components/l3gd20/l3gd20.o
                0x0000000008001cd8                L3GD20_DeInit
 .text.L3GD20_ReadID
                0x0000000008001ce6       0x20 ./Drivers/BSP/Components/l3gd20/l3gd20.o
                0x0000000008001ce6                L3GD20_ReadID
 .text.L3GD20_RebootCmd
                0x0000000008001d06       0x30 ./Drivers/BSP/Components/l3gd20/l3gd20.o
                0x0000000008001d06                L3GD20_RebootCmd
 .text.L3GD20_LowPower
                0x0000000008001d36       0x2a ./Drivers/BSP/Components/l3gd20/l3gd20.o
                0x0000000008001d36                L3GD20_LowPower
 .text.L3GD20_INT1InterruptConfig
                0x0000000008001d60       0x86 ./Drivers/BSP/Components/l3gd20/l3gd20.o
                0x0000000008001d60                L3GD20_INT1InterruptConfig
 .text.L3GD20_EnableIT
                0x0000000008001de6       0x64 ./Drivers/BSP/Components/l3gd20/l3gd20.o
                0x0000000008001de6                L3GD20_EnableIT
 .text.L3GD20_DisableIT
                0x0000000008001e4a       0x58 ./Drivers/BSP/Components/l3gd20/l3gd20.o
                0x0000000008001e4a                L3GD20_DisableIT
 .text.L3GD20_FilterConfig
                0x0000000008001ea2       0x42 ./Drivers/BSP/Components/l3gd20/l3gd20.o
                0x0000000008001ea2                L3GD20_FilterConfig
 .text.L3GD20_FilterCmd
                0x0000000008001ee4       0x42 ./Drivers/BSP/Components/l3gd20/l3gd20.o
                0x0000000008001ee4                L3GD20_FilterCmd
 *fill*         0x0000000008001f26        0x2 
 .text.L3GD20_ReadXYZAngRate
                0x0000000008001f28      0x158 ./Drivers/BSP/Components/l3gd20/l3gd20.o
                0x0000000008001f28                L3GD20_ReadXYZAngRate
 .text.SPIx_Init
                0x0000000008002080       0x74 ./Drivers/BSP/STM32F429I-Discovery/stm32f429i_discovery.o
 .text.SPIx_Read
                0x00000000080020f4       0x40 ./Drivers/BSP/STM32F429I-Discovery/stm32f429i_discovery.o
 .text.SPIx_Write
                0x0000000008002134       0x3c ./Drivers/BSP/STM32F429I-Discovery/stm32f429i_discovery.o
 .text.SPIx_WriteRead
                0x0000000008002170       0x40 ./Drivers/BSP/STM32F429I-Discovery/stm32f429i_discovery.o
 .text.SPIx_Error
                0x00000000080021b0       0x18 ./Drivers/BSP/STM32F429I-Discovery/stm32f429i_discovery.o
 .text.SPIx_MspInit
                0x00000000080021c8       0x74 ./Drivers/BSP/STM32F429I-Discovery/stm32f429i_discovery.o
 .text.LCD_IO_Init
                0x000000000800223c       0xf0 ./Drivers/BSP/STM32F429I-Discovery/stm32f429i_discovery.o
                0x000000000800223c                LCD_IO_Init
 .text.LCD_IO_WriteData
                0x000000000800232c       0x44 ./Drivers/BSP/STM32F429I-Discovery/stm32f429i_discovery.o
                0x000000000800232c                LCD_IO_WriteData
 .text.LCD_IO_WriteReg
                0x0000000008002370       0x44 ./Drivers/BSP/STM32F429I-Discovery/stm32f429i_discovery.o
                0x0000000008002370                LCD_IO_WriteReg
 .text.LCD_IO_ReadData
                0x00000000080023b4       0x64 ./Drivers/BSP/STM32F429I-Discovery/stm32f429i_discovery.o
                0x00000000080023b4                LCD_IO_ReadData
 .text.LCD_Delay
                0x0000000008002418       0x16 ./Drivers/BSP/STM32F429I-Discovery/stm32f429i_discovery.o
                0x0000000008002418                LCD_Delay
 *fill*         0x000000000800242e        0x2 
 .text.GYRO_IO_Init
                0x0000000008002430       0x98 ./Drivers/BSP/STM32F429I-Discovery/stm32f429i_discovery.o
                0x0000000008002430                GYRO_IO_Init
 .text.GYRO_IO_Write
                0x00000000080024c8       0x64 ./Drivers/BSP/STM32F429I-Discovery/stm32f429i_discovery.o
                0x00000000080024c8                GYRO_IO_Write
 .text.GYRO_IO_Read
                0x000000000800252c       0x74 ./Drivers/BSP/STM32F429I-Discovery/stm32f429i_discovery.o
                0x000000000800252c                GYRO_IO_Read
 .text.BSP_GYRO_Init
                0x00000000080025a0       0xcc ./Drivers/BSP/STM32F429I-Discovery/stm32f429i_discovery_gyroscope.o
                0x00000000080025a0                BSP_GYRO_Init
 .text.BSP_GYRO_GetXYZ
                0x000000000800266c       0x28 ./Drivers/BSP/STM32F429I-Discovery/stm32f429i_discovery_gyroscope.o
                0x000000000800266c                BSP_GYRO_GetXYZ
 .text.BSP_LCD_Init
                0x0000000008002694       0xd4 ./Drivers/BSP/STM32F429I-Discovery/stm32f429i_discovery_lcd.o
                0x0000000008002694                BSP_LCD_Init
 .text.BSP_LCD_GetXSize
                0x0000000008002768       0x18 ./Drivers/BSP/STM32F429I-Discovery/stm32f429i_discovery_lcd.o
                0x0000000008002768                BSP_LCD_GetXSize
 .text.BSP_LCD_GetYSize
                0x0000000008002780       0x18 ./Drivers/BSP/STM32F429I-Discovery/stm32f429i_discovery_lcd.o
                0x0000000008002780                BSP_LCD_GetYSize
 .text.BSP_LCD_LayerDefaultInit
                0x0000000008002798       0xc8 ./Drivers/BSP/STM32F429I-Discovery/stm32f429i_discovery_lcd.o
                0x0000000008002798                BSP_LCD_LayerDefaultInit
 .text.BSP_LCD_SelectLayer
                0x0000000008002860       0x20 ./Drivers/BSP/STM32F429I-Discovery/stm32f429i_discovery_lcd.o
                0x0000000008002860                BSP_LCD_SelectLayer
 .text.BSP_LCD_SetTextColor
                0x0000000008002880       0x30 ./Drivers/BSP/STM32F429I-Discovery/stm32f429i_discovery_lcd.o
                0x0000000008002880                BSP_LCD_SetTextColor
 .text.BSP_LCD_SetBackColor
                0x00000000080028b0       0x34 ./Drivers/BSP/STM32F429I-Discovery/stm32f429i_discovery_lcd.o
                0x00000000080028b0                BSP_LCD_SetBackColor
 .text.BSP_LCD_SetFont
                0x00000000080028e4       0x34 ./Drivers/BSP/STM32F429I-Discovery/stm32f429i_discovery_lcd.o
                0x00000000080028e4                BSP_LCD_SetFont
 .text.BSP_LCD_Clear
                0x0000000008002918       0x50 ./Drivers/BSP/STM32F429I-Discovery/stm32f429i_discovery_lcd.o
                0x0000000008002918                BSP_LCD_Clear
 .text.BSP_LCD_DrawLine
                0x0000000008002968      0x194 ./Drivers/BSP/STM32F429I-Discovery/stm32f429i_discovery_lcd.o
                0x0000000008002968                BSP_LCD_DrawLine
 .text.BSP_LCD_FillTriangle
                0x0000000008002afc      0x17c ./Drivers/BSP/STM32F429I-Discovery/stm32f429i_discovery_lcd.o
                0x0000000008002afc                BSP_LCD_FillTriangle
 .text.BSP_LCD_DisplayOn
                0x0000000008002c78       0x20 ./Drivers/BSP/STM32F429I-Discovery/stm32f429i_discovery_lcd.o
                0x0000000008002c78                BSP_LCD_DisplayOn
 .text.BSP_LCD_MspInit
                0x0000000008002c98      0x1ac ./Drivers/BSP/STM32F429I-Discovery/stm32f429i_discovery_lcd.o
                0x0000000008002c98                BSP_LCD_MspInit
 .text.BSP_LCD_DrawPixel
                0x0000000008002e44       0x4c ./Drivers/BSP/STM32F429I-Discovery/stm32f429i_discovery_lcd.o
                0x0000000008002e44                BSP_LCD_DrawPixel
 .text.FillBuffer
                0x0000000008002e90       0x70 ./Drivers/BSP/STM32F429I-Discovery/stm32f429i_discovery_lcd.o
 .text.BSP_SDRAM_Init
                0x0000000008002f00       0xbc ./Drivers/BSP/STM32F429I-Discovery/stm32f429i_discovery_sdram.o
                0x0000000008002f00                BSP_SDRAM_Init
 .text.BSP_SDRAM_Initialization_sequence
                0x0000000008002fbc       0xc0 ./Drivers/BSP/STM32F429I-Discovery/stm32f429i_discovery_sdram.o
                0x0000000008002fbc                BSP_SDRAM_Initialization_sequence
 .text.BSP_SDRAM_MspInit
                0x000000000800307c      0x218 ./Drivers/BSP/STM32F429I-Discovery/stm32f429i_discovery_sdram.o
                0x000000000800307c                BSP_SDRAM_MspInit
 .text.HAL_Init
                0x0000000008003294       0x44 ./Drivers/STM32F4xx_HAL_Driver/stm32f4xx_hal.o
                0x0000000008003294                HAL_Init
 .text.HAL_InitTick
                0x00000000080032d8       0x60 ./Drivers/STM32F4xx_HAL_Driver/stm32f4xx_hal.o
                0x00000000080032d8                HAL_InitTick
 .text.HAL_IncTick
                0x0000000008003338       0x28 ./Drivers/STM32F4xx_HAL_Driver/stm32f4xx_hal.o
                0x0000000008003338                HAL_IncTick
 .text.HAL_GetTick
                0x0000000008003360       0x18 ./Drivers/STM32F4xx_HAL_Driver/stm32f4xx_hal.o
                0x0000000008003360                HAL_GetTick
 .text.HAL_Delay
                0x0000000008003378       0x48 ./Drivers/STM32F4xx_HAL_Driver/stm32f4xx_hal.o
                0x0000000008003378                HAL_Delay
 .text.__NVIC_SetPriorityGrouping
                0x00000000080033c0       0x48 ./Drivers/STM32F4xx_HAL_Driver/stm32f4xx_hal_cortex.o
 .text.__NVIC_GetPriorityGrouping
                0x0000000008003408       0x1c ./Drivers/STM32F4xx_HAL_Driver/stm32f4xx_hal_cortex.o
 .text.__NVIC_EnableIRQ
                0x0000000008003424       0x3c ./Drivers/STM32F4xx_HAL_Driver/stm32f4xx_hal_cortex.o
 .text.__NVIC_SetPriority
                0x0000000008003460       0x54 ./Drivers/STM32F4xx_HAL_Driver/stm32f4xx_hal_cortex.o
 .text.NVIC_EncodePriority
                0x00000000080034b4       0x66 ./Drivers/STM32F4xx_HAL_Driver/stm32f4xx_hal_cortex.o
 *fill*         0x000000000800351a        0x2 
 .text.SysTick_Config
                0x000000000800351c       0x44 ./Drivers/STM32F4xx_HAL_Driver/stm32f4xx_hal_cortex.o
 .text.HAL_NVIC_SetPriorityGrouping
                0x0000000008003560       0x16 ./Drivers/STM32F4xx_HAL_Driver/stm32f4xx_hal_cortex.o
                0x0000000008003560                HAL_NVIC_SetPriorityGrouping
 .text.HAL_NVIC_SetPriority
                0x0000000008003576       0x38 ./Drivers/STM32F4xx_HAL_Driver/stm32f4xx_hal_cortex.o
                0x0000000008003576                HAL_NVIC_SetPriority
 .text.HAL_NVIC_EnableIRQ
                0x00000000080035ae       0x1c ./Drivers/STM32F4xx_HAL_Driver/stm32f4xx_hal_cortex.o
                0x00000000080035ae                HAL_NVIC_EnableIRQ
 .text.HAL_SYSTICK_Config
                0x00000000080035ca       0x18 ./Drivers/STM32F4xx_HAL_Driver/stm32f4xx_hal_cortex.o
                0x00000000080035ca                HAL_SYSTICK_Config
 *fill*         0x00000000080035e2        0x2 
 .text.HAL_DMA_Init
                0x00000000080035e4      0x15c ./Drivers/STM32F4xx_HAL_Driver/stm32f4xx_hal_dma.o
                0x00000000080035e4                HAL_DMA_Init
 .text.HAL_DMA_DeInit
                0x0000000008003740       0xbc ./Drivers/STM32F4xx_HAL_Driver/stm32f4xx_hal_dma.o
                0x0000000008003740                HAL_DMA_DeInit
 .text.DMA_CalcBaseAndBitshift
                0x00000000080037fc       0x6c ./Drivers/STM32F4xx_HAL_Driver/stm32f4xx_hal_dma.o
 .text.DMA_CheckFifoParam
                0x0000000008003868       0xf8 ./Drivers/STM32F4xx_HAL_Driver/stm32f4xx_hal_dma.o
 .text.HAL_DMA2D_Init
                0x0000000008003960       0x92 ./Drivers/STM32F4xx_HAL_Driver/stm32f4xx_hal_dma2d.o
                0x0000000008003960                HAL_DMA2D_Init
 .text.HAL_DMA2D_MspInit
                0x00000000080039f2       0x14 ./Drivers/STM32F4xx_HAL_Driver/stm32f4xx_hal_dma2d.o
                0x00000000080039f2                HAL_DMA2D_MspInit
 .text.HAL_DMA2D_Start
                0x0000000008003a06       0x56 ./Drivers/STM32F4xx_HAL_Driver/stm32f4xx_hal_dma2d.o
                0x0000000008003a06                HAL_DMA2D_Start
 .text.HAL_DMA2D_PollForTransfer
                0x0000000008003a5c      0x1d2 ./Drivers/STM32F4xx_HAL_Driver/stm32f4xx_hal_dma2d.o
                0x0000000008003a5c                HAL_DMA2D_PollForTransfer
 *fill*         0x0000000008003c2e        0x2 
 .text.HAL_DMA2D_ConfigLayer
                0x0000000008003c30      0x124 ./Drivers/STM32F4xx_HAL_Driver/stm32f4xx_hal_dma2d.o
                0x0000000008003c30                HAL_DMA2D_ConfigLayer
 .text.DMA2D_SetConfig
                0x0000000008003d54      0x138 ./Drivers/STM32F4xx_HAL_Driver/stm32f4xx_hal_dma2d.o
 .text.HAL_GPIO_Init
                0x0000000008003e8c      0x358 ./Drivers/STM32F4xx_HAL_Driver/stm32f4xx_hal_gpio.o
                0x0000000008003e8c                HAL_GPIO_Init
 .text.HAL_GPIO_DeInit
                0x00000000080041e4      0x218 ./Drivers/STM32F4xx_HAL_Driver/stm32f4xx_hal_gpio.o
                0x00000000080041e4                HAL_GPIO_DeInit
 .text.HAL_GPIO_WritePin
                0x00000000080043fc       0x32 ./Drivers/STM32F4xx_HAL_Driver/stm32f4xx_hal_gpio.o
                0x00000000080043fc                HAL_GPIO_WritePin
 *fill*         0x000000000800442e        0x2 
 .text.HAL_LTDC_Init
                0x0000000008004430      0x1a0 ./Drivers/STM32F4xx_HAL_Driver/stm32f4xx_hal_ltdc.o
                0x0000000008004430                HAL_LTDC_Init
 .text.HAL_LTDC_MspInit
                0x00000000080045d0       0x14 ./Drivers/STM32F4xx_HAL_Driver/stm32f4xx_hal_ltdc.o
                0x00000000080045d0                HAL_LTDC_MspInit
 .text.HAL_LTDC_ConfigLayer
                0x00000000080045e4       0x7c ./Drivers/STM32F4xx_HAL_Driver/stm32f4xx_hal_ltdc.o
                0x00000000080045e4                HAL_LTDC_ConfigLayer
 .text.HAL_LTDC_EnableDither
                0x0000000008004660       0x54 ./Drivers/STM32F4xx_HAL_Driver/stm32f4xx_hal_ltdc.o
                0x0000000008004660                HAL_LTDC_EnableDither
 .text.LTDC_SetConfig
                0x00000000080046b4      0x32e ./Drivers/STM32F4xx_HAL_Driver/stm32f4xx_hal_ltdc.o
 .text.HAL_PCD_Init
                0x00000000080049e2      0x23a ./Drivers/STM32F4xx_HAL_Driver/stm32f4xx_hal_pcd.o
                0x00000000080049e2                HAL_PCD_Init
 .text.HAL_PCD_Start
                0x0000000008004c1c       0x66 ./Drivers/STM32F4xx_HAL_Driver/stm32f4xx_hal_pcd.o
                0x0000000008004c1c                HAL_PCD_Start
 .text.HAL_PCD_IRQHandler
                0x0000000008004c82      0x93e ./Drivers/STM32F4xx_HAL_Driver/stm32f4xx_hal_pcd.o
                0x0000000008004c82                HAL_PCD_IRQHandler
 .text.HAL_PCD_SetAddress
                0x00000000080055c0       0x4a ./Drivers/STM32F4xx_HAL_Driver/stm32f4xx_hal_pcd.o
                0x00000000080055c0                HAL_PCD_SetAddress
 .text.HAL_PCD_EP_Open
                0x000000000800560a       0xd0 ./Drivers/STM32F4xx_HAL_Driver/stm32f4xx_hal_pcd.o
                0x000000000800560a                HAL_PCD_EP_Open
 .text.HAL_PCD_EP_Close
                0x00000000080056da       0x94 ./Drivers/STM32F4xx_HAL_Driver/stm32f4xx_hal_pcd.o
                0x00000000080056da                HAL_PCD_EP_Close
 .text.HAL_PCD_EP_Receive
                0x000000000800576e       0x96 ./Drivers/STM32F4xx_HAL_Driver/stm32f4xx_hal_pcd.o
                0x000000000800576e                HAL_PCD_EP_Receive
 .text.HAL_PCD_EP_GetRxCount
                0x0000000008005804       0x30 ./Drivers/STM32F4xx_HAL_Driver/stm32f4xx_hal_pcd.o
                0x0000000008005804                HAL_PCD_EP_GetRxCount
 .text.HAL_PCD_EP_Transmit
                0x0000000008005834       0x94 ./Drivers/STM32F4xx_HAL_Driver/stm32f4xx_hal_pcd.o
                0x0000000008005834                HAL_PCD_EP_Transmit
 .text.HAL_PCD_EP_SetStall
                0x00000000080058c8       0xc8 ./Drivers/STM32F4xx_HAL_Driver/stm32f4xx_hal_pcd.o
                0x00000000080058c8                HAL_PCD_EP_SetStall
 .text.HAL_PCD_EP_ClrStall
                0x0000000008005990       0xac ./Drivers/STM32F4xx_HAL_Driver/stm32f4xx_hal_pcd.o
                0x0000000008005990                HAL_PCD_EP_ClrStall
 .text.HAL_PCD_EP_Abort
                0x0000000008005a3c       0x62 ./Drivers/STM32F4xx_HAL_Driver/stm32f4xx_hal_pcd.o
                0x0000000008005a3c                HAL_PCD_EP_Abort
 .text.PCD_WriteEmptyTxFifo
                0x0000000008005a9e      0x11a ./Drivers/STM32F4xx_HAL_Driver/stm32f4xx_hal_pcd.o
 .text.PCD_EP_OutXfrComplete_int
                0x0000000008005bb8      0x1d0 ./Drivers/STM32F4xx_HAL_Driver/stm32f4xx_hal_pcd.o
 .text.PCD_EP_OutSetupPacket_int
                0x0000000008005d88       0x8c ./Drivers/STM32F4xx_HAL_Driver/stm32f4xx_hal_pcd.o
 .text.HAL_PCDEx_SetTxFiFo
                0x0000000008005e14       0x8e ./Drivers/STM32F4xx_HAL_Driver/stm32f4xx_hal_pcd_ex.o
                0x0000000008005e14                HAL_PCDEx_SetTxFiFo
 .text.HAL_PCDEx_SetRxFiFo
                0x0000000008005ea2       0x22 ./Drivers/STM32F4xx_HAL_Driver/stm32f4xx_hal_pcd_ex.o
                0x0000000008005ea2                HAL_PCDEx_SetRxFiFo
 .text.HAL_PCDEx_LPM_Callback
                0x0000000008005ec4       0x18 ./Drivers/STM32F4xx_HAL_Driver/stm32f4xx_hal_pcd_ex.o
                0x0000000008005ec4                HAL_PCDEx_LPM_Callback
 .text.HAL_RCC_OscConfig
                0x0000000008005edc      0x4f0 ./Drivers/STM32F4xx_HAL_Driver/stm32f4xx_hal_rcc.o
                0x0000000008005edc                HAL_RCC_OscConfig
 .text.HAL_RCC_ClockConfig
                0x00000000080063cc      0x1cc ./Drivers/STM32F4xx_HAL_Driver/stm32f4xx_hal_rcc.o
                0x00000000080063cc                HAL_RCC_ClockConfig
 .text.HAL_RCC_GetSysClockFreq
                0x0000000008006598      0x20c ./Drivers/STM32F4xx_HAL_Driver/stm32f4xx_hal_rcc.o
                0x0000000008006598                HAL_RCC_GetSysClockFreq
 .text.HAL_RCC_GetHCLKFreq
                0x00000000080067a4       0x18 ./Drivers/STM32F4xx_HAL_Driver/stm32f4xx_hal_rcc.o
                0x00000000080067a4                HAL_RCC_GetHCLKFreq
 .text.HAL_RCCEx_PeriphCLKConfig
                0x00000000080067bc      0x380 ./Drivers/STM32F4xx_HAL_Driver/stm32f4xx_hal_rcc_ex.o
                0x00000000080067bc                HAL_RCCEx_PeriphCLKConfig
 .text.HAL_SDRAM_Init
                0x0000000008006b3c       0x68 ./Drivers/STM32F4xx_HAL_Driver/stm32f4xx_hal_sdram.o
                0x0000000008006b3c                HAL_SDRAM_Init
 .text.HAL_SDRAM_MspInit
                0x0000000008006ba4       0x14 ./Drivers/STM32F4xx_HAL_Driver/stm32f4xx_hal_sdram.o
                0x0000000008006ba4                HAL_SDRAM_MspInit
 .text.HAL_SDRAM_SendCommand
                0x0000000008006bb8       0x6a ./Drivers/STM32F4xx_HAL_Driver/stm32f4xx_hal_sdram.o
                0x0000000008006bb8                HAL_SDRAM_SendCommand
 .text.HAL_SDRAM_ProgramRefreshRate
                0x0000000008006c22       0x50 ./Drivers/STM32F4xx_HAL_Driver/stm32f4xx_hal_sdram.o
                0x0000000008006c22                HAL_SDRAM_ProgramRefreshRate
 .text.HAL_SPI_Init
                0x0000000008006c72      0x112 ./Drivers/STM32F4xx_HAL_Driver/stm32f4xx_hal_spi.o
                0x0000000008006c72                HAL_SPI_Init
 .text.HAL_SPI_DeInit
                0x0000000008006d84       0x50 ./Drivers/STM32F4xx_HAL_Driver/stm32f4xx_hal_spi.o
                0x0000000008006d84                HAL_SPI_DeInit
 .text.HAL_SPI_Transmit
                0x0000000008006dd4      0x278 ./Drivers/STM32F4xx_HAL_Driver/stm32f4xx_hal_spi.o
                0x0000000008006dd4                HAL_SPI_Transmit
 .text.HAL_SPI_Receive
                0x000000000800704c      0x222 ./Drivers/STM32F4xx_HAL_Driver/stm32f4xx_hal_spi.o
                0x000000000800704c                HAL_SPI_Receive
 .text.HAL_SPI_TransmitReceive
                0x000000000800726e      0x344 ./Drivers/STM32F4xx_HAL_Driver/stm32f4xx_hal_spi.o
                0x000000000800726e                HAL_SPI_TransmitReceive
 .text.HAL_SPI_GetState
                0x00000000080075b2       0x1c ./Drivers/STM32F4xx_HAL_Driver/stm32f4xx_hal_spi.o
                0x00000000080075b2                HAL_SPI_GetState
 *fill*         0x00000000080075ce        0x2 
 .text.SPI_WaitFlagStateUntilTimeout
                0x00000000080075d0      0x110 ./Drivers/STM32F4xx_HAL_Driver/stm32f4xx_hal_spi.o
 .text.SPI_EndRxTransaction
                0x00000000080076e0       0xca ./Drivers/STM32F4xx_HAL_Driver/stm32f4xx_hal_spi.o
 *fill*         0x00000000080077aa        0x2 
 .text.SPI_EndRxTxTransaction
                0x00000000080077ac       0x84 ./Drivers/STM32F4xx_HAL_Driver/stm32f4xx_hal_spi.o
 .text.FMC_SDRAM_Init
                0x0000000008007830       0xba ./Drivers/STM32F4xx_HAL_Driver/stm32f4xx_ll_fmc.o
                0x0000000008007830                FMC_SDRAM_Init
 .text.FMC_SDRAM_Timing_Init
                0x00000000080078ea       0xd2 ./Drivers/STM32F4xx_HAL_Driver/stm32f4xx_ll_fmc.o
                0x00000000080078ea                FMC_SDRAM_Timing_Init
 .text.FMC_SDRAM_SendCommand
                0x00000000080079bc       0x7a ./Drivers/STM32F4xx_HAL_Driver/stm32f4xx_ll_fmc.o
                0x00000000080079bc                FMC_SDRAM_SendCommand
 .text.FMC_SDRAM_ProgramRefreshRate
                0x0000000008007a36       0x2e ./Drivers/STM32F4xx_HAL_Driver/stm32f4xx_ll_fmc.o
                0x0000000008007a36                FMC_SDRAM_ProgramRefreshRate
 .text.USB_CoreInit
                0x0000000008007a64       0xc2 ./Drivers/STM32F4xx_HAL_Driver/stm32f4xx_ll_usb.o
                0x0000000008007a64                USB_CoreInit
 *fill*         0x0000000008007b26        0x2 
 .text.USB_SetTurnaroundTime
                0x0000000008007b28      0x144 ./Drivers/STM32F4xx_HAL_Driver/stm32f4xx_ll_usb.o
                0x0000000008007b28                USB_SetTurnaroundTime
 .text.USB_EnableGlobalInt
                0x0000000008007c6c       0x22 ./Drivers/STM32F4xx_HAL_Driver/stm32f4xx_ll_usb.o
                0x0000000008007c6c                USB_EnableGlobalInt
 .text.USB_DisableGlobalInt
                0x0000000008007c8e       0x22 ./Drivers/STM32F4xx_HAL_Driver/stm32f4xx_ll_usb.o
                0x0000000008007c8e                USB_DisableGlobalInt
 .text.USB_SetCurrentMode
                0x0000000008007cb0       0x98 ./Drivers/STM32F4xx_HAL_Driver/stm32f4xx_ll_usb.o
                0x0000000008007cb0                USB_SetCurrentMode
 .text.USB_DevInit
                0x0000000008007d48      0x2c8 ./Drivers/STM32F4xx_HAL_Driver/stm32f4xx_ll_usb.o
                0x0000000008007d48                USB_DevInit
 .text.USB_FlushTxFifo
                0x0000000008008010       0x68 ./Drivers/STM32F4xx_HAL_Driver/stm32f4xx_ll_usb.o
                0x0000000008008010                USB_FlushTxFifo
 .text.USB_FlushRxFifo
                0x0000000008008078       0x60 ./Drivers/STM32F4xx_HAL_Driver/stm32f4xx_ll_usb.o
                0x0000000008008078                USB_FlushRxFifo
 .text.USB_SetDevSpeed
                0x00000000080080d8       0x32 ./Drivers/STM32F4xx_HAL_Driver/stm32f4xx_ll_usb.o
                0x00000000080080d8                USB_SetDevSpeed
 .text.USB_GetDevSpeed
                0x000000000800810a       0x4a ./Drivers/STM32F4xx_HAL_Driver/stm32f4xx_ll_usb.o
                0x000000000800810a                USB_GetDevSpeed
 .text.USB_ActivateEndpoint
                0x0000000008008154      0x10e ./Drivers/STM32F4xx_HAL_Driver/stm32f4xx_ll_usb.o
                0x0000000008008154                USB_ActivateEndpoint
 *fill*         0x0000000008008262        0x2 
 .text.USB_DeactivateEndpoint
                0x0000000008008264      0x1b8 ./Drivers/STM32F4xx_HAL_Driver/stm32f4xx_ll_usb.o
                0x0000000008008264                USB_DeactivateEndpoint
 .text.USB_EPStartXfer
                0x000000000800841c      0x490 ./Drivers/STM32F4xx_HAL_Driver/stm32f4xx_ll_usb.o
                0x000000000800841c                USB_EPStartXfer
 .text.USB_EP0StartXfer
                0x00000000080088ac      0x2b0 ./Drivers/STM32F4xx_HAL_Driver/stm32f4xx_ll_usb.o
                0x00000000080088ac                USB_EP0StartXfer
 .text.USB_EPStopXfer
                0x0000000008008b5c      0x154 ./Drivers/STM32F4xx_HAL_Driver/stm32f4xx_ll_usb.o
                0x0000000008008b5c                USB_EPStopXfer
 .text.USB_WritePacket
                0x0000000008008cb0       0x7c ./Drivers/STM32F4xx_HAL_Driver/stm32f4xx_ll_usb.o
                0x0000000008008cb0                USB_WritePacket
 .text.USB_ReadPacket
                0x0000000008008d2c       0xb0 ./Drivers/STM32F4xx_HAL_Driver/stm32f4xx_ll_usb.o
                0x0000000008008d2c                USB_ReadPacket
 .text.USB_EPSetStall
                0x0000000008008ddc       0xdc ./Drivers/STM32F4xx_HAL_Driver/stm32f4xx_ll_usb.o
                0x0000000008008ddc                USB_EPSetStall
 .text.USB_EPClearStall
                0x0000000008008eb8       0xcc ./Drivers/STM32F4xx_HAL_Driver/stm32f4xx_ll_usb.o
                0x0000000008008eb8                USB_EPClearStall
 .text.USB_SetDevAddress
                0x0000000008008f84       0x4c ./Drivers/STM32F4xx_HAL_Driver/stm32f4xx_ll_usb.o
                0x0000000008008f84                USB_SetDevAddress
 .text.USB_DevConnect
                0x0000000008008fd0       0x42 ./Drivers/STM32F4xx_HAL_Driver/stm32f4xx_ll_usb.o
                0x0000000008008fd0                USB_DevConnect
 .text.USB_DevDisconnect
                0x0000000008009012       0x42 ./Drivers/STM32F4xx_HAL_Driver/stm32f4xx_ll_usb.o
                0x0000000008009012                USB_DevDisconnect
 .text.USB_ReadInterrupts
                0x0000000008009054       0x26 ./Drivers/STM32F4xx_HAL_Driver/stm32f4xx_ll_usb.o
                0x0000000008009054                USB_ReadInterrupts
 .text.USB_ReadDevAllOutEpInterrupt
                0x000000000800907a       0x34 ./Drivers/STM32F4xx_HAL_Driver/stm32f4xx_ll_usb.o
                0x000000000800907a                USB_ReadDevAllOutEpInterrupt
 .text.USB_ReadDevAllInEpInterrupt
                0x00000000080090ae       0x34 ./Drivers/STM32F4xx_HAL_Driver/stm32f4xx_ll_usb.o
                0x00000000080090ae                USB_ReadDevAllInEpInterrupt
 .text.USB_ReadDevOutEPInterrupt
                0x00000000080090e2       0x3c ./Drivers/STM32F4xx_HAL_Driver/stm32f4xx_ll_usb.o
                0x00000000080090e2                USB_ReadDevOutEPInterrupt
 .text.USB_ReadDevInEPInterrupt
                0x000000000800911e       0x5c ./Drivers/STM32F4xx_HAL_Driver/stm32f4xx_ll_usb.o
                0x000000000800911e                USB_ReadDevInEPInterrupt
 .text.USB_GetMode
                0x000000000800917a       0x1c ./Drivers/STM32F4xx_HAL_Driver/stm32f4xx_ll_usb.o
                0x000000000800917a                USB_GetMode
 .text.USB_ActivateSetup
                0x0000000008009196       0x46 ./Drivers/STM32F4xx_HAL_Driver/stm32f4xx_ll_usb.o
                0x0000000008009196                USB_ActivateSetup
 .text.USB_EP0_OutStart
                0x00000000080091dc       0xbc ./Drivers/STM32F4xx_HAL_Driver/stm32f4xx_ll_usb.o
                0x00000000080091dc                USB_EP0_OutStart
 .text.USB_CoreReset
                0x0000000008009298       0x68 ./Drivers/STM32F4xx_HAL_Driver/stm32f4xx_ll_usb.o
 .text.USBD_CDC_Init
                0x0000000008009300      0x1f0 ./Middlewares/USB_Device_Library/usbd_cdc.o
 .text.USBD_CDC_DeInit
                0x00000000080094f0      0x104 ./Middlewares/USB_Device_Library/usbd_cdc.o
 .text.USBD_CDC_Setup
                0x00000000080095f4      0x1b8 ./Middlewares/USB_Device_Library/usbd_cdc.o
 .text.USBD_CDC_DataIn
                0x00000000080097ac       0xfe ./Middlewares/USB_Device_Library/usbd_cdc.o
 .text.USBD_CDC_DataOut
                0x00000000080098aa       0x70 ./Middlewares/USB_Device_Library/usbd_cdc.o
 .text.USBD_CDC_EP0_RxReady
                0x000000000800991a       0x76 ./Middlewares/USB_Device_Library/usbd_cdc.o
 .text.USBD_CDC_GetFSCfgDesc
                0x0000000008009990       0x70 ./Middlewares/USB_Device_Library/usbd_cdc.o
 .text.USBD_CDC_GetHSCfgDesc
                0x0000000008009a00       0x70 ./Middlewares/USB_Device_Library/usbd_cdc.o
 .text.USBD_CDC_GetOtherSpeedCfgDesc
                0x0000000008009a70       0x70 ./Middlewares/USB_Device_Library/usbd_cdc.o
 .text.USBD_CDC_GetDeviceQualifierDescriptor
                0x0000000008009ae0       0x20 ./Middlewares/USB_Device_Library/usbd_cdc.o
                0x0000000008009ae0                USBD_CDC_GetDeviceQualifierDescriptor
 .text.USBD_CDC_RegisterInterface
                0x0000000008009b00       0x34 ./Middlewares/USB_Device_Library/usbd_cdc.o
                0x0000000008009b00                USBD_CDC_RegisterInterface
 .text.USBD_CDC_SetTxBuffer
                0x0000000008009b34       0x44 ./Middlewares/USB_Device_Library/usbd_cdc.o
                0x0000000008009b34                USBD_CDC_SetTxBuffer
 .text.USBD_CDC_SetRxBuffer
                0x0000000008009b78       0x3a ./Middlewares/USB_Device_Library/usbd_cdc.o
                0x0000000008009b78                USBD_CDC_SetRxBuffer
 *fill*         0x0000000008009bb2        0x2 
 .text.USBD_CDC_TransmitPacket
                0x0000000008009bb4       0x8c ./Middlewares/USB_Device_Library/usbd_cdc.o
                0x0000000008009bb4                USBD_CDC_TransmitPacket
 .text.USBD_CDC_ReceivePacket
                0x0000000008009c40       0x6c ./Middlewares/USB_Device_Library/usbd_cdc.o
                0x0000000008009c40                USBD_CDC_ReceivePacket
 .text.USBD_Init
                0x0000000008009cac       0x60 ./Middlewares/USB_Device_Library/usbd_core.o
                0x0000000008009cac                USBD_Init
 .text.USBD_RegisterClass
                0x0000000008009d0c       0x6c ./Middlewares/USB_Device_Library/usbd_core.o
                0x0000000008009d0c                USBD_RegisterClass
 .text.USBD_Start
                0x0000000008009d78       0x18 ./Middlewares/USB_Device_Library/usbd_core.o
                0x0000000008009d78                USBD_Start
 .text.USBD_RunTestMode
                0x0000000008009d90       0x16 ./Middlewares/USB_Device_Library/usbd_core.o
                0x0000000008009d90                USBD_RunTestMode
 .text.USBD_SetClassConfig
                0x0000000008009da6       0x38 ./Middlewares/USB_Device_Library/usbd_core.o
                0x0000000008009da6                USBD_SetClassConfig
 .text.USBD_ClrClassConfig
                0x0000000008009dde       0x34 ./Middlewares/USB_Device_Library/usbd_core.o
                0x0000000008009dde                USBD_ClrClassConfig
 .text.USBD_LL_SetupStage
                0x0000000008009e12       0xaa ./Middlewares/USB_Device_Library/usbd_core.o
                0x0000000008009e12                USBD_LL_SetupStage
 .text.USBD_LL_DataOutStage
                0x0000000008009ebc      0x166 ./Middlewares/USB_Device_Library/usbd_core.o
                0x0000000008009ebc                USBD_LL_DataOutStage
 .text.USBD_LL_DataInStage
                0x000000000800a022      0x164 ./Middlewares/USB_Device_Library/usbd_core.o
                0x000000000800a022                USBD_LL_DataInStage
 .text.USBD_LL_Reset
                0x000000000800a186       0xa4 ./Middlewares/USB_Device_Library/usbd_core.o
                0x000000000800a186                USBD_LL_Reset
 .text.USBD_LL_SetSpeed
                0x000000000800a22a       0x20 ./Middlewares/USB_Device_Library/usbd_core.o
                0x000000000800a22a                USBD_LL_SetSpeed
 .text.USBD_LL_Suspend
                0x000000000800a24a       0x2c ./Middlewares/USB_Device_Library/usbd_core.o
                0x000000000800a24a                USBD_LL_Suspend
 .text.USBD_LL_Resume
                0x000000000800a276       0x30 ./Middlewares/USB_Device_Library/usbd_core.o
                0x000000000800a276                USBD_LL_Resume
 .text.USBD_LL_SOF
                0x000000000800a2a6       0x40 ./Middlewares/USB_Device_Library/usbd_core.o
                0x000000000800a2a6                USBD_LL_SOF
 .text.USBD_LL_IsoINIncomplete
                0x000000000800a2e6       0x64 ./Middlewares/USB_Device_Library/usbd_core.o
                0x000000000800a2e6                USBD_LL_IsoINIncomplete
 .text.USBD_LL_IsoOUTIncomplete
                0x000000000800a34a       0x64 ./Middlewares/USB_Device_Library/usbd_core.o
                0x000000000800a34a                USBD_LL_IsoOUTIncomplete
 .text.USBD_LL_DevConnected
                0x000000000800a3ae       0x16 ./Middlewares/USB_Device_Library/usbd_core.o
                0x000000000800a3ae                USBD_LL_DevConnected
 .text.USBD_LL_DevDisconnected
                0x000000000800a3c4       0x46 ./Middlewares/USB_Device_Library/usbd_core.o
                0x000000000800a3c4                USBD_LL_DevDisconnected
 .text.USBD_CoreFindIF
                0x000000000800a40a       0x1a ./Middlewares/USB_Device_Library/usbd_core.o
                0x000000000800a40a                USBD_CoreFindIF
 .text.USBD_CoreFindEP
                0x000000000800a424       0x1a ./Middlewares/USB_Device_Library/usbd_core.o
                0x000000000800a424                USBD_CoreFindEP
 .text.USBD_GetEpDesc
                0x000000000800a43e       0x74 ./Middlewares/USB_Device_Library/usbd_core.o
                0x000000000800a43e                USBD_GetEpDesc
 .text.USBD_GetNextDesc
                0x000000000800a4b2       0x3a ./Middlewares/USB_Device_Library/usbd_core.o
                0x000000000800a4b2                USBD_GetNextDesc
 .text.SWAPBYTE
                0x000000000800a4ec       0x3c ./Middlewares/USB_Device_Library/usbd_ctlreq.o
 .text.USBD_StdDevReq
                0x000000000800a528       0xe4 ./Middlewares/USB_Device_Library/usbd_ctlreq.o
                0x000000000800a528                USBD_StdDevReq
 .text.USBD_StdItfReq
                0x000000000800a60c       0xd8 ./Middlewares/USB_Device_Library/usbd_ctlreq.o
                0x000000000800a60c                USBD_StdItfReq
 .text.USBD_StdEPReq
                0x000000000800a6e4      0x33a ./Middlewares/USB_Device_Library/usbd_ctlreq.o
                0x000000000800a6e4                USBD_StdEPReq
 *fill*         0x000000000800aa1e        0x2 
 .text.USBD_GetDescriptor
                0x000000000800aa20      0x2d4 ./Middlewares/USB_Device_Library/usbd_ctlreq.o
 .text.USBD_SetAddress
                0x000000000800acf4       0x88 ./Middlewares/USB_Device_Library/usbd_ctlreq.o
 .text.USBD_SetConfig
                0x000000000800ad7c      0x154 ./Middlewares/USB_Device_Library/usbd_ctlreq.o
 .text.USBD_GetConfig
                0x000000000800aed0       0x6c ./Middlewares/USB_Device_Library/usbd_ctlreq.o
 .text.USBD_GetStatus
                0x000000000800af3c       0x68 ./Middlewares/USB_Device_Library/usbd_ctlreq.o
 .text.USBD_SetFeature
                0x000000000800afa4       0x52 ./Middlewares/USB_Device_Library/usbd_ctlreq.o
 .text.USBD_ClrFeature
                0x000000000800aff6       0x44 ./Middlewares/USB_Device_Library/usbd_ctlreq.o
 .text.USBD_ParseSetupRequest
                0x000000000800b03a       0x74 ./Middlewares/USB_Device_Library/usbd_ctlreq.o
                0x000000000800b03a                USBD_ParseSetupRequest
 .text.USBD_CtlError
                0x000000000800b0ae       0x22 ./Middlewares/USB_Device_Library/usbd_ctlreq.o
                0x000000000800b0ae                USBD_CtlError
 .text.USBD_GetString
                0x000000000800b0d0       0x8c ./Middlewares/USB_Device_Library/usbd_ctlreq.o
                0x000000000800b0d0                USBD_GetString
 .text.USBD_GetLen
                0x000000000800b15c       0x34 ./Middlewares/USB_Device_Library/usbd_ctlreq.o
 .text.USBD_CtlSendData
                0x000000000800b190       0x36 ./Middlewares/USB_Device_Library/usbd_ioreq.o
                0x000000000800b190                USBD_CtlSendData
 .text.USBD_CtlContinueSendData
                0x000000000800b1c6       0x22 ./Middlewares/USB_Device_Library/usbd_ioreq.o
                0x000000000800b1c6                USBD_CtlContinueSendData
 .text.USBD_CtlPrepareRx
                0x000000000800b1e8       0x3a ./Middlewares/USB_Device_Library/usbd_ioreq.o
                0x000000000800b1e8                USBD_CtlPrepareRx
 .text.USBD_CtlContinueRx
                0x000000000800b222       0x22 ./Middlewares/USB_Device_Library/usbd_ioreq.o
                0x000000000800b222                USBD_CtlContinueRx
 .text.USBD_CtlSendStatus
                0x000000000800b244       0x26 ./Middlewares/USB_Device_Library/usbd_ioreq.o
                0x000000000800b244                USBD_CtlSendStatus
 .text.USBD_CtlReceiveStatus
                0x000000000800b26a       0x26 ./Middlewares/USB_Device_Library/usbd_ioreq.o
                0x000000000800b26a                USBD_CtlReceiveStatus
 .text.MX_USB_DEVICE_Init
                0x000000000800b290       0x60 ./USB_DEVICE/App/usb_device.o
                0x000000000800b290                MX_USB_DEVICE_Init
 .text.CDC_Init_HS
                0x000000000800b2f0       0x28 ./USB_DEVICE/App/usbd_cdc_if.o
 .text.CDC_DeInit_HS
                0x000000000800b318       0x10 ./USB_DEVICE/App/usbd_cdc_if.o
 .text.CDC_Control_HS
                0x000000000800b328       0xbc ./USB_DEVICE/App/usbd_cdc_if.o
 .text.CDC_Receive_HS
                0x000000000800b3e4       0x28 ./USB_DEVICE/App/usbd_cdc_if.o
 .text.CDC_Transmit_HS
                0x000000000800b40c       0x4c ./USB_DEVICE/App/usbd_cdc_if.o
                0x000000000800b40c                CDC_Transmit_HS
 .text.CDC_TransmitCplt_HS
                0x000000000800b458       0x22 ./USB_DEVICE/App/usbd_cdc_if.o
 *fill*         0x000000000800b47a        0x2 
 .text.USBD_HS_DeviceDescriptor
                0x000000000800b47c       0x24 ./USB_DEVICE/App/usbd_desc.o
                0x000000000800b47c                USBD_HS_DeviceDescriptor
 .text.USBD_HS_LangIDStrDescriptor
                0x000000000800b4a0       0x24 ./USB_DEVICE/App/usbd_desc.o
                0x000000000800b4a0                USBD_HS_LangIDStrDescriptor
 .text.USBD_HS_ProductStrDescriptor
                0x000000000800b4c4       0x3c ./USB_DEVICE/App/usbd_desc.o
                0x000000000800b4c4                USBD_HS_ProductStrDescriptor
 .text.USBD_HS_ManufacturerStrDescriptor
                0x000000000800b500       0x28 ./USB_DEVICE/App/usbd_desc.o
                0x000000000800b500                USBD_HS_ManufacturerStrDescriptor
 .text.USBD_HS_SerialStrDescriptor
                0x000000000800b528       0x24 ./USB_DEVICE/App/usbd_desc.o
                0x000000000800b528                USBD_HS_SerialStrDescriptor
 .text.USBD_HS_ConfigStrDescriptor
                0x000000000800b54c       0x3c ./USB_DEVICE/App/usbd_desc.o
                0x000000000800b54c                USBD_HS_ConfigStrDescriptor
 .text.USBD_HS_InterfaceStrDescriptor
                0x000000000800b588       0x3c ./USB_DEVICE/App/usbd_desc.o
                0x000000000800b588                USBD_HS_InterfaceStrDescriptor
 .text.Get_SerialNum
                0x000000000800b5c4       0x58 ./USB_DEVICE/App/usbd_desc.o
 .text.IntToUnicode
                0x000000000800b61c       0x7e ./USB_DEVICE/App/usbd_desc.o
 *fill*         0x000000000800b69a        0x2 
 .text.HAL_PCD_MspInit
                0x000000000800b69c       0xa0 ./USB_DEVICE/Target/usbd_conf.o
                0x000000000800b69c                HAL_PCD_MspInit
 .text.HAL_PCD_SetupStageCallback
                0x000000000800b73c       0x24 ./USB_DEVICE/Target/usbd_conf.o
                0x000000000800b73c                HAL_PCD_SetupStageCallback
 .text.HAL_PCD_DataOutStageCallback
                0x000000000800b760       0x36 ./USB_DEVICE/Target/usbd_conf.o
                0x000000000800b760                HAL_PCD_DataOutStageCallback
 .text.HAL_PCD_DataInStageCallback
                0x000000000800b796       0x34 ./USB_DEVICE/Target/usbd_conf.o
                0x000000000800b796                HAL_PCD_DataInStageCallback
 .text.HAL_PCD_SOFCallback
                0x000000000800b7ca       0x1c ./USB_DEVICE/Target/usbd_conf.o
                0x000000000800b7ca                HAL_PCD_SOFCallback
 .text.HAL_PCD_ResetCallback
                0x000000000800b7e6       0x50 ./USB_DEVICE/Target/usbd_conf.o
                0x000000000800b7e6                HAL_PCD_ResetCallback
 *fill*         0x000000000800b836        0x2 
 .text.HAL_PCD_SuspendCallback
                0x000000000800b838       0x4c ./USB_DEVICE/Target/usbd_conf.o
                0x000000000800b838                HAL_PCD_SuspendCallback
 .text.HAL_PCD_ResumeCallback
                0x000000000800b884       0x1c ./USB_DEVICE/Target/usbd_conf.o
                0x000000000800b884                HAL_PCD_ResumeCallback
 .text.HAL_PCD_ISOOUTIncompleteCallback
                0x000000000800b8a0       0x24 ./USB_DEVICE/Target/usbd_conf.o
                0x000000000800b8a0                HAL_PCD_ISOOUTIncompleteCallback
 .text.HAL_PCD_ISOINIncompleteCallback
                0x000000000800b8c4       0x24 ./USB_DEVICE/Target/usbd_conf.o
                0x000000000800b8c4                HAL_PCD_ISOINIncompleteCallback
 .text.HAL_PCD_ConnectCallback
                0x000000000800b8e8       0x1c ./USB_DEVICE/Target/usbd_conf.o
                0x000000000800b8e8                HAL_PCD_ConnectCallback
 .text.HAL_PCD_DisconnectCallback
                0x000000000800b904       0x1c ./USB_DEVICE/Target/usbd_conf.o
                0x000000000800b904                HAL_PCD_DisconnectCallback
 .text.USBD_LL_Init
                0x000000000800b920       0xa4 ./USB_DEVICE/Target/usbd_conf.o
                0x000000000800b920                USBD_LL_Init
 .text.USBD_LL_Start
                0x000000000800b9c4       0x36 ./USB_DEVICE/Target/usbd_conf.o
                0x000000000800b9c4                USBD_LL_Start
 .text.USBD_LL_OpenEP
                0x000000000800b9fa       0x4c ./USB_DEVICE/Target/usbd_conf.o
                0x000000000800b9fa                USBD_LL_OpenEP
 .text.USBD_LL_CloseEP
                0x000000000800ba46       0x3e ./USB_DEVICE/Target/usbd_conf.o
                0x000000000800ba46                USBD_LL_CloseEP
 .text.USBD_LL_StallEP
                0x000000000800ba84       0x3e ./USB_DEVICE/Target/usbd_conf.o
                0x000000000800ba84                USBD_LL_StallEP
 .text.USBD_LL_ClearStallEP
                0x000000000800bac2       0x3e ./USB_DEVICE/Target/usbd_conf.o
                0x000000000800bac2                USBD_LL_ClearStallEP
 .text.USBD_LL_IsStallEP
                0x000000000800bb00       0x58 ./USB_DEVICE/Target/usbd_conf.o
                0x000000000800bb00                USBD_LL_IsStallEP
 .text.USBD_LL_SetUSBAddress
                0x000000000800bb58       0x3e ./USB_DEVICE/Target/usbd_conf.o
                0x000000000800bb58                USBD_LL_SetUSBAddress
 .text.USBD_LL_Transmit
                0x000000000800bb96       0x42 ./USB_DEVICE/Target/usbd_conf.o
                0x000000000800bb96                USBD_LL_Transmit
 .text.USBD_LL_PrepareReceive
                0x000000000800bbd8       0x42 ./USB_DEVICE/Target/usbd_conf.o
                0x000000000800bbd8                USBD_LL_PrepareReceive
 .text.USBD_LL_GetRxDataSize
                0x000000000800bc1a       0x26 ./USB_DEVICE/Target/usbd_conf.o
                0x000000000800bc1a                USBD_LL_GetRxDataSize
 .text.USBD_static_malloc
                0x000000000800bc40       0x1c ./USB_DEVICE/Target/usbd_conf.o
                0x000000000800bc40                USBD_static_malloc
 .text.USBD_static_free
                0x000000000800bc5c       0x14 ./USB_DEVICE/Target/usbd_conf.o
                0x000000000800bc5c                USBD_static_free
 .text.USBD_Get_USB_Status
                0x000000000800bc70       0x58 ./USB_DEVICE/Target/usbd_conf.o
                0x000000000800bc70                USBD_Get_USB_Status
 .text.__errno  0x000000000800bcc8        0xc d:/stmcubeid/stm32cubeide_1.10.1/stm32cubeide/plugins/com.st.stm32cube.ide.mcu.externaltools.gnu-tools-for-stm32.10.3-2021.10.win32_1.0.0.202111181127/tools/bin/../lib/gcc/arm-none-eabi/10.3.1/../../../../arm-none-eabi/lib/thumb/v7e-m+fp/hard\libc_nano.a(lib_a-errno.o)
                0x000000000800bcc8                __errno
 .text.__libc_init_array
                0x000000000800bcd4       0x48 d:/stmcubeid/stm32cubeide_1.10.1/stm32cubeide/plugins/com.st.stm32cube.ide.mcu.externaltools.gnu-tools-for-stm32.10.3-2021.10.win32_1.0.0.202111181127/tools/bin/../lib/gcc/arm-none-eabi/10.3.1/../../../../arm-none-eabi/lib/thumb/v7e-m+fp/hard\libc_nano.a(lib_a-init.o)
                0x000000000800bcd4                __libc_init_array
 .text.memset   0x000000000800bd1c       0x10 d:/stmcubeid/stm32cubeide_1.10.1/stm32cubeide/plugins/com.st.stm32cube.ide.mcu.externaltools.gnu-tools-for-stm32.10.3-2021.10.win32_1.0.0.202111181127/tools/bin/../lib/gcc/arm-none-eabi/10.3.1/../../../../arm-none-eabi/lib/thumb/v7e-m+fp/hard\libc_nano.a(lib_a-memset.o)
                0x000000000800bd1c                memset
 .text.__cvt    0x000000000800bd2c       0xc4 d:/stmcubeid/stm32cubeide_1.10.1/stm32cubeide/plugins/com.st.stm32cube.ide.mcu.externaltools.gnu-tools-for-stm32.10.3-2021.10.win32_1.0.0.202111181127/tools/bin/../lib/gcc/arm-none-eabi/10.3.1/../../../../arm-none-eabi/lib/thumb/v7e-m+fp/hard\libc_nano.a(lib_a-nano-vfprintf_float.o)
                0x000000000800bd2c                __cvt
 .text.__exponent
                0x000000000800bdf0       0x7c d:/stmcubeid/stm32cubeide_1.10.1/stm32cubeide/plugins/com.st.stm32cube.ide.mcu.externaltools.gnu-tools-for-stm32.10.3-2021.10.win32_1.0.0.202111181127/tools/bin/../lib/gcc/arm-none-eabi/10.3.1/../../../../arm-none-eabi/lib/thumb/v7e-m+fp/hard\libc_nano.a(lib_a-nano-vfprintf_float.o)
                0x000000000800bdf0                __exponent
 .text._printf_float
                0x000000000800be6c      0x46c d:/stmcubeid/stm32cubeide_1.10.1/stm32cubeide/plugins/com.st.stm32cube.ide.mcu.externaltools.gnu-tools-for-stm32.10.3-2021.10.win32_1.0.0.202111181127/tools/bin/../lib/gcc/arm-none-eabi/10.3.1/../../../../arm-none-eabi/lib/thumb/v7e-m+fp/hard\libc_nano.a(lib_a-nano-vfprintf_float.o)
                0x000000000800be6c                _printf_float
 .text._printf_common
                0x000000000800c2d8       0xda d:/stmcubeid/stm32cubeide_1.10.1/stm32cubeide/plugins/com.st.stm32cube.ide.mcu.externaltools.gnu-tools-for-stm32.10.3-2021.10.win32_1.0.0.202111181127/tools/bin/../lib/gcc/arm-none-eabi/10.3.1/../../../../arm-none-eabi/lib/thumb/v7e-m+fp/hard\libc_nano.a(lib_a-nano-vfprintf_i.o)
                0x000000000800c2d8                _printf_common
 *fill*         0x000000000800c3b2        0x2 
 .text._printf_i
                0x000000000800c3b4      0x24c d:/stmcubeid/stm32cubeide_1.10.1/stm32cubeide/plugins/com.st.stm32cube.ide.mcu.externaltools.gnu-tools-for-stm32.10.3-2021.10.win32_1.0.0.202111181127/tools/bin/../lib/gcc/arm-none-eabi/10.3.1/../../../../arm-none-eabi/lib/thumb/v7e-m+fp/hard\libc_nano.a(lib_a-nano-vfprintf_i.o)
                0x000000000800c3b4                _printf_i
 .text.sprintf  0x000000000800c600       0x40 d:/stmcubeid/stm32cubeide_1.10.1/stm32cubeide/plugins/com.st.stm32cube.ide.mcu.externaltools.gnu-tools-for-stm32.10.3-2021.10.win32_1.0.0.202111181127/tools/bin/../lib/gcc/arm-none-eabi/10.3.1/../../../../arm-none-eabi/lib/thumb/v7e-m+fp/hard\libc_nano.a(lib_a-sprintf.o)
                0x000000000800c600                siprintf
                0x000000000800c600                sprintf
 .text.quorem   0x000000000800c640      0x116 d:/stmcubeid/stm32cubeide_1.10.1/stm32cubeide/plugins/com.st.stm32cube.ide.mcu.externaltools.gnu-tools-for-stm32.10.3-2021.10.win32_1.0.0.202111181127/tools/bin/../lib/gcc/arm-none-eabi/10.3.1/../../../../arm-none-eabi/lib/thumb/v7e-m+fp/hard\libc_nano.a(lib_a-dtoa.o)
 *fill*         0x000000000800c756        0x2 
 .text._dtoa_r  0x000000000800c758      0xbdc d:/stmcubeid/stm32cubeide_1.10.1/stm32cubeide/plugins/com.st.stm32cube.ide.mcu.externaltools.gnu-tools-for-stm32.10.3-2021.10.win32_1.0.0.202111181127/tools/bin/../lib/gcc/arm-none-eabi/10.3.1/../../../../arm-none-eabi/lib/thumb/v7e-m+fp/hard\libc_nano.a(lib_a-dtoa.o)
                0x000000000800c758                _dtoa_r
 .text._localeconv_r
                0x000000000800d334        0x8 d:/stmcubeid/stm32cubeide_1.10.1/stm32cubeide/plugins/com.st.stm32cube.ide.mcu.externaltools.gnu-tools-for-stm32.10.3-2021.10.win32_1.0.0.202111181127/tools/bin/../lib/gcc/arm-none-eabi/10.3.1/../../../../arm-none-eabi/lib/thumb/v7e-m+fp/hard\libc_nano.a(lib_a-localeconv.o)
                0x000000000800d334                _localeconv_r
 .text.malloc   0x000000000800d33c       0x10 d:/stmcubeid/stm32cubeide_1.10.1/stm32cubeide/plugins/com.st.stm32cube.ide.mcu.externaltools.gnu-tools-for-stm32.10.3-2021.10.win32_1.0.0.202111181127/tools/bin/../lib/gcc/arm-none-eabi/10.3.1/../../../../arm-none-eabi/lib/thumb/v7e-m+fp/hard\libc_nano.a(lib_a-malloc.o)
                0x000000000800d33c                malloc
 .text.memcpy   0x000000000800d34c       0x1c d:/stmcubeid/stm32cubeide_1.10.1/stm32cubeide/plugins/com.st.stm32cube.ide.mcu.externaltools.gnu-tools-for-stm32.10.3-2021.10.win32_1.0.0.202111181127/tools/bin/../lib/gcc/arm-none-eabi/10.3.1/../../../../arm-none-eabi/lib/thumb/v7e-m+fp/hard\libc_nano.a(lib_a-memcpy-stub.o)
                0x000000000800d34c                memcpy
 .text._Balloc  0x000000000800d368       0x80 d:/stmcubeid/stm32cubeide_1.10.1/stm32cubeide/plugins/com.st.stm32cube.ide.mcu.externaltools.gnu-tools-for-stm32.10.3-2021.10.win32_1.0.0.202111181127/tools/bin/../lib/gcc/arm-none-eabi/10.3.1/../../../../arm-none-eabi/lib/thumb/v7e-m+fp/hard\libc_nano.a(lib_a-mprec.o)
                0x000000000800d368                _Balloc
 .text._Bfree   0x000000000800d3e8       0x44 d:/stmcubeid/stm32cubeide_1.10.1/stm32cubeide/plugins/com.st.stm32cube.ide.mcu.externaltools.gnu-tools-for-stm32.10.3-2021.10.win32_1.0.0.202111181127/tools/bin/../lib/gcc/arm-none-eabi/10.3.1/../../../../arm-none-eabi/lib/thumb/v7e-m+fp/hard\libc_nano.a(lib_a-mprec.o)
                0x000000000800d3e8                _Bfree
 .text.__multadd
                0x000000000800d42c       0x8c d:/stmcubeid/stm32cubeide_1.10.1/stm32cubeide/plugins/com.st.stm32cube.ide.mcu.externaltools.gnu-tools-for-stm32.10.3-2021.10.win32_1.0.0.202111181127/tools/bin/../lib/gcc/arm-none-eabi/10.3.1/../../../../arm-none-eabi/lib/thumb/v7e-m+fp/hard\libc_nano.a(lib_a-mprec.o)
                0x000000000800d42c                __multadd
 .text.__hi0bits
                0x000000000800d4b8       0x40 d:/stmcubeid/stm32cubeide_1.10.1/stm32cubeide/plugins/com.st.stm32cube.ide.mcu.externaltools.gnu-tools-for-stm32.10.3-2021.10.win32_1.0.0.202111181127/tools/bin/../lib/gcc/arm-none-eabi/10.3.1/../../../../arm-none-eabi/lib/thumb/v7e-m+fp/hard\libc_nano.a(lib_a-mprec.o)
                0x000000000800d4b8                __hi0bits
 .text.__lo0bits
                0x000000000800d4f8       0x5e d:/stmcubeid/stm32cubeide_1.10.1/stm32cubeide/plugins/com.st.stm32cube.ide.mcu.externaltools.gnu-tools-for-stm32.10.3-2021.10.win32_1.0.0.202111181127/tools/bin/../lib/gcc/arm-none-eabi/10.3.1/../../../../arm-none-eabi/lib/thumb/v7e-m+fp/hard\libc_nano.a(lib_a-mprec.o)
                0x000000000800d4f8                __lo0bits
 *fill*         0x000000000800d556        0x2 
 .text.__i2b    0x000000000800d558       0x2c d:/stmcubeid/stm32cubeide_1.10.1/stm32cubeide/plugins/com.st.stm32cube.ide.mcu.externaltools.gnu-tools-for-stm32.10.3-2021.10.win32_1.0.0.202111181127/tools/bin/../lib/gcc/arm-none-eabi/10.3.1/../../../../arm-none-eabi/lib/thumb/v7e-m+fp/hard\libc_nano.a(lib_a-mprec.o)
                0x000000000800d558                __i2b
 .text.__multiply
                0x000000000800d584      0x154 d:/stmcubeid/stm32cubeide_1.10.1/stm32cubeide/plugins/com.st.stm32cube.ide.mcu.externaltools.gnu-tools-for-stm32.10.3-2021.10.win32_1.0.0.202111181127/tools/bin/../lib/gcc/arm-none-eabi/10.3.1/../../../../arm-none-eabi/lib/thumb/v7e-m+fp/hard\libc_nano.a(lib_a-mprec.o)
                0x000000000800d584                __multiply
 .text.__pow5mult
                0x000000000800d6d8       0xb4 d:/stmcubeid/stm32cubeide_1.10.1/stm32cubeide/plugins/com.st.stm32cube.ide.mcu.externaltools.gnu-tools-for-stm32.10.3-2021.10.win32_1.0.0.202111181127/tools/bin/../lib/gcc/arm-none-eabi/10.3.1/../../../../arm-none-eabi/lib/thumb/v7e-m+fp/hard\libc_nano.a(lib_a-mprec.o)
                0x000000000800d6d8                __pow5mult
 .text.__lshift
                0x000000000800d78c       0xe0 d:/stmcubeid/stm32cubeide_1.10.1/stm32cubeide/plugins/com.st.stm32cube.ide.mcu.externaltools.gnu-tools-for-stm32.10.3-2021.10.win32_1.0.0.202111181127/tools/bin/../lib/gcc/arm-none-eabi/10.3.1/../../../../arm-none-eabi/lib/thumb/v7e-m+fp/hard\libc_nano.a(lib_a-mprec.o)
                0x000000000800d78c                __lshift
 .text.__mcmp   0x000000000800d86c       0x38 d:/stmcubeid/stm32cubeide_1.10.1/stm32cubeide/plugins/com.st.stm32cube.ide.mcu.externaltools.gnu-tools-for-stm32.10.3-2021.10.win32_1.0.0.202111181127/tools/bin/../lib/gcc/arm-none-eabi/10.3.1/../../../../arm-none-eabi/lib/thumb/v7e-m+fp/hard\libc_nano.a(lib_a-mprec.o)
                0x000000000800d86c                __mcmp
 .text.__mdiff  0x000000000800d8a4      0x114 d:/stmcubeid/stm32cubeide_1.10.1/stm32cubeide/plugins/com.st.stm32cube.ide.mcu.externaltools.gnu-tools-for-stm32.10.3-2021.10.win32_1.0.0.202111181127/tools/bin/../lib/gcc/arm-none-eabi/10.3.1/../../../../arm-none-eabi/lib/thumb/v7e-m+fp/hard\libc_nano.a(lib_a-mprec.o)
                0x000000000800d8a4                __mdiff
 .text.__d2b    0x000000000800d9b8       0xb8 d:/stmcubeid/stm32cubeide_1.10.1/stm32cubeide/plugins/com.st.stm32cube.ide.mcu.externaltools.gnu-tools-for-stm32.10.3-2021.10.win32_1.0.0.202111181127/tools/bin/../lib/gcc/arm-none-eabi/10.3.1/../../../../arm-none-eabi/lib/thumb/v7e-m+fp/hard\libc_nano.a(lib_a-mprec.o)
                0x000000000800d9b8                __d2b
 .text._calloc_r
                0x000000000800da70       0x2c d:/stmcubeid/stm32cubeide_1.10.1/stm32cubeide/plugins/com.st.stm32cube.ide.mcu.externaltools.gnu-tools-for-stm32.10.3-2021.10.win32_1.0.0.202111181127/tools/bin/../lib/gcc/arm-none-eabi/10.3.1/../../../../arm-none-eabi/lib/thumb/v7e-m+fp/hard\libc_nano.a(lib_a-nano-callocr.o)
                0x000000000800da70                _calloc_r
 .text._free_r  0x000000000800da9c       0x98 d:/stmcubeid/stm32cubeide_1.10.1/stm32cubeide/plugins/com.st.stm32cube.ide.mcu.externaltools.gnu-tools-for-stm32.10.3-2021.10.win32_1.0.0.202111181127/tools/bin/../lib/gcc/arm-none-eabi/10.3.1/../../../../arm-none-eabi/lib/thumb/v7e-m+fp/hard\libc_nano.a(lib_a-nano-freer.o)
                0x000000000800da9c                _free_r
 .text.sbrk_aligned
                0x000000000800db34       0x40 d:/stmcubeid/stm32cubeide_1.10.1/stm32cubeide/plugins/com.st.stm32cube.ide.mcu.externaltools.gnu-tools-for-stm32.10.3-2021.10.win32_1.0.0.202111181127/tools/bin/../lib/gcc/arm-none-eabi/10.3.1/../../../../arm-none-eabi/lib/thumb/v7e-m+fp/hard\libc_nano.a(lib_a-nano-mallocr.o)
 .text._malloc_r
                0x000000000800db74       0xe8 d:/stmcubeid/stm32cubeide_1.10.1/stm32cubeide/plugins/com.st.stm32cube.ide.mcu.externaltools.gnu-tools-for-stm32.10.3-2021.10.win32_1.0.0.202111181127/tools/bin/../lib/gcc/arm-none-eabi/10.3.1/../../../../arm-none-eabi/lib/thumb/v7e-m+fp/hard\libc_nano.a(lib_a-nano-mallocr.o)
                0x000000000800db74                _malloc_r
 .text.__ssputs_r
                0x000000000800dc5c       0xb6 d:/stmcubeid/stm32cubeide_1.10.1/stm32cubeide/plugins/com.st.stm32cube.ide.mcu.externaltools.gnu-tools-for-stm32.10.3-2021.10.win32_1.0.0.202111181127/tools/bin/../lib/gcc/arm-none-eabi/10.3.1/../../../../arm-none-eabi/lib/thumb/v7e-m+fp/hard\libc_nano.a(lib_a-nano-svfprintf.o)
                0x000000000800dc5c                __ssputs_r
 *fill*         0x000000000800dd12        0x2 
 .text._svfprintf_r
                0x000000000800dd14      0x200 d:/stmcubeid/stm32cubeide_1.10.1/stm32cubeide/plugins/com.st.stm32cube.ide.mcu.externaltools.gnu-tools-for-stm32.10.3-2021.10.win32_1.0.0.202111181127/tools/bin/../lib/gcc/arm-none-eabi/10.3.1/../../../../arm-none-eabi/lib/thumb/v7e-m+fp/hard\libc_nano.a(lib_a-nano-svfprintf.o)
                0x000000000800dd14                _svfiprintf_r
                0x000000000800dd14                _svfprintf_r
 .text._sbrk_r  0x000000000800df14       0x20 d:/stmcubeid/stm32cubeide_1.10.1/stm32cubeide/plugins/com.st.stm32cube.ide.mcu.externaltools.gnu-tools-for-stm32.10.3-2021.10.win32_1.0.0.202111181127/tools/bin/../lib/gcc/arm-none-eabi/10.3.1/../../../../arm-none-eabi/lib/thumb/v7e-m+fp/hard\libc_nano.a(lib_a-sbrkr.o)
                0x000000000800df14                _sbrk_r
 .text.__assert_func
                0x000000000800df34       0x3c d:/stmcubeid/stm32cubeide_1.10.1/stm32cubeide/plugins/com.st.stm32cube.ide.mcu.externaltools.gnu-tools-for-stm32.10.3-2021.10.win32_1.0.0.202111181127/tools/bin/../lib/gcc/arm-none-eabi/10.3.1/../../../../arm-none-eabi/lib/thumb/v7e-m+fp/hard\libc_nano.a(lib_a-assert.o)
                0x000000000800df34                __assert_func
 .text.fprintf  0x000000000800df70       0x24 d:/stmcubeid/stm32cubeide_1.10.1/stm32cubeide/plugins/com.st.stm32cube.ide.mcu.externaltools.gnu-tools-for-stm32.10.3-2021.10.win32_1.0.0.202111181127/tools/bin/../lib/gcc/arm-none-eabi/10.3.1/../../../../arm-none-eabi/lib/thumb/v7e-m+fp/hard\libc_nano.a(lib_a-fprintf.o)
                0x000000000800df70                fiprintf
                0x000000000800df70                fprintf
 .text.__ascii_mbtowc
                0x000000000800df94       0x24 d:/stmcubeid/stm32cubeide_1.10.1/stm32cubeide/plugins/com.st.stm32cube.ide.mcu.externaltools.gnu-tools-for-stm32.10.3-2021.10.win32_1.0.0.202111181127/tools/bin/../lib/gcc/arm-none-eabi/10.3.1/../../../../arm-none-eabi/lib/thumb/v7e-m+fp/hard\libc_nano.a(lib_a-mbtowc_r.o)
                0x000000000800df94                __ascii_mbtowc
 .text.memmove  0x000000000800dfb8       0x34 d:/stmcubeid/stm32cubeide_1.10.1/stm32cubeide/plugins/com.st.stm32cube.ide.mcu.externaltools.gnu-tools-for-stm32.10.3-2021.10.win32_1.0.0.202111181127/tools/bin/../lib/gcc/arm-none-eabi/10.3.1/../../../../arm-none-eabi/lib/thumb/v7e-m+fp/hard\libc_nano.a(lib_a-memmove.o)
                0x000000000800dfb8                memmove
 .text.__malloc_lock
                0x000000000800dfec        0xc d:/stmcubeid/stm32cubeide_1.10.1/stm32cubeide/plugins/com.st.stm32cube.ide.mcu.externaltools.gnu-tools-for-stm32.10.3-2021.10.win32_1.0.0.202111181127/tools/bin/../lib/gcc/arm-none-eabi/10.3.1/../../../../arm-none-eabi/lib/thumb/v7e-m+fp/hard\libc_nano.a(lib_a-mlock.o)
                0x000000000800dfec                __malloc_lock
 .text.__malloc_unlock
                0x000000000800dff8        0xc d:/stmcubeid/stm32cubeide_1.10.1/stm32cubeide/plugins/com.st.stm32cube.ide.mcu.externaltools.gnu-tools-for-stm32.10.3-2021.10.win32_1.0.0.202111181127/tools/bin/../lib/gcc/arm-none-eabi/10.3.1/../../../../arm-none-eabi/lib/thumb/v7e-m+fp/hard\libc_nano.a(lib_a-mlock.o)
                0x000000000800dff8                __malloc_unlock
 .text._realloc_r
                0x000000000800e004       0x5e d:/stmcubeid/stm32cubeide_1.10.1/stm32cubeide/plugins/com.st.stm32cube.ide.mcu.externaltools.gnu-tools-for-stm32.10.3-2021.10.win32_1.0.0.202111181127/tools/bin/../lib/gcc/arm-none-eabi/10.3.1/../../../../arm-none-eabi/lib/thumb/v7e-m+fp/hard\libc_nano.a(lib_a-nano-reallocr.o)
                0x000000000800e004                _realloc_r
 .text.__sfputc_r
                0x000000000800e062       0x2e d:/stmcubeid/stm32cubeide_1.10.1/stm32cubeide/plugins/com.st.stm32cube.ide.mcu.externaltools.gnu-tools-for-stm32.10.3-2021.10.win32_1.0.0.202111181127/tools/bin/../lib/gcc/arm-none-eabi/10.3.1/../../../../arm-none-eabi/lib/thumb/v7e-m+fp/hard\libc_nano.a(lib_a-nano-vfprintf.o)
 .text.__sfputs_r
                0x000000000800e090       0x24 d:/stmcubeid/stm32cubeide_1.10.1/stm32cubeide/plugins/com.st.stm32cube.ide.mcu.externaltools.gnu-tools-for-stm32.10.3-2021.10.win32_1.0.0.202111181127/tools/bin/../lib/gcc/arm-none-eabi/10.3.1/../../../../arm-none-eabi/lib/thumb/v7e-m+fp/hard\libc_nano.a(lib_a-nano-vfprintf.o)
                0x000000000800e090                __sfputs_r
 .text._vfprintf_r
                0x000000000800e0b4      0x260 d:/stmcubeid/stm32cubeide_1.10.1/stm32cubeide/plugins/com.st.stm32cube.ide.mcu.externaltools.gnu-tools-for-stm32.10.3-2021.10.win32_1.0.0.202111181127/tools/bin/../lib/gcc/arm-none-eabi/10.3.1/../../../../arm-none-eabi/lib/thumb/v7e-m+fp/hard\libc_nano.a(lib_a-nano-vfprintf.o)
                0x000000000800e0b4                _vfprintf_r
                0x000000000800e0b4                _vfiprintf_r
 .text.__swbuf_r
                0x000000000800e314       0xa4 d:/stmcubeid/stm32cubeide_1.10.1/stm32cubeide/plugins/com.st.stm32cube.ide.mcu.externaltools.gnu-tools-for-stm32.10.3-2021.10.win32_1.0.0.202111181127/tools/bin/../lib/gcc/arm-none-eabi/10.3.1/../../../../arm-none-eabi/lib/thumb/v7e-m+fp/hard\libc_nano.a(lib_a-wbuf.o)
                0x000000000800e314                __swbuf_r
 .text.__ascii_wctomb
                0x000000000800e3b8       0x1a d:/stmcubeid/stm32cubeide_1.10.1/stm32cubeide/plugins/com.st.stm32cube.ide.mcu.externaltools.gnu-tools-for-stm32.10.3-2021.10.win32_1.0.0.202111181127/tools/bin/../lib/gcc/arm-none-eabi/10.3.1/../../../../arm-none-eabi/lib/thumb/v7e-m+fp/hard\libc_nano.a(lib_a-wctomb_r.o)
                0x000000000800e3b8                __ascii_wctomb
 *fill*         0x000000000800e3d2        0x2 
 .text.__swsetup_r
                0x000000000800e3d4       0xdc d:/stmcubeid/stm32cubeide_1.10.1/stm32cubeide/plugins/com.st.stm32cube.ide.mcu.externaltools.gnu-tools-for-stm32.10.3-2021.10.win32_1.0.0.202111181127/tools/bin/../lib/gcc/arm-none-eabi/10.3.1/../../../../arm-none-eabi/lib/thumb/v7e-m+fp/hard\libc_nano.a(lib_a-wsetup.o)
                0x000000000800e3d4                __swsetup_r
 .text.abort    0x000000000800e4b0        0xe d:/stmcubeid/stm32cubeide_1.10.1/stm32cubeide/plugins/com.st.stm32cube.ide.mcu.externaltools.gnu-tools-for-stm32.10.3-2021.10.win32_1.0.0.202111181127/tools/bin/../lib/gcc/arm-none-eabi/10.3.1/../../../../arm-none-eabi/lib/thumb/v7e-m+fp/hard\libc_nano.a(lib_a-abort.o)
                0x000000000800e4b0                abort
 *fill*         0x000000000800e4be        0x2 
 .text.__sflush_r
                0x000000000800e4c0      0x10c d:/stmcubeid/stm32cubeide_1.10.1/stm32cubeide/plugins/com.st.stm32cube.ide.mcu.externaltools.gnu-tools-for-stm32.10.3-2021.10.win32_1.0.0.202111181127/tools/bin/../lib/gcc/arm-none-eabi/10.3.1/../../../../arm-none-eabi/lib/thumb/v7e-m+fp/hard\libc_nano.a(lib_a-fflush.o)
                0x000000000800e4c0                __sflush_r
 .text._fflush_r
                0x000000000800e5cc       0x78 d:/stmcubeid/stm32cubeide_1.10.1/stm32cubeide/plugins/com.st.stm32cube.ide.mcu.externaltools.gnu-tools-for-stm32.10.3-2021.10.win32_1.0.0.202111181127/tools/bin/../lib/gcc/arm-none-eabi/10.3.1/../../../../arm-none-eabi/lib/thumb/v7e-m+fp/hard\libc_nano.a(lib_a-fflush.o)
                0x000000000800e5cc                _fflush_r
 .text.std      0x000000000800e644       0x48 d:/stmcubeid/stm32cubeide_1.10.1/stm32cubeide/plugins/com.st.stm32cube.ide.mcu.externaltools.gnu-tools-for-stm32.10.3-2021.10.win32_1.0.0.202111181127/tools/bin/../lib/gcc/arm-none-eabi/10.3.1/../../../../arm-none-eabi/lib/thumb/v7e-m+fp/hard\libc_nano.a(lib_a-findfp.o)
 .text._cleanup_r
                0x000000000800e68c        0xc d:/stmcubeid/stm32cubeide_1.10.1/stm32cubeide/plugins/com.st.stm32cube.ide.mcu.externaltools.gnu-tools-for-stm32.10.3-2021.10.win32_1.0.0.202111181127/tools/bin/../lib/gcc/arm-none-eabi/10.3.1/../../../../arm-none-eabi/lib/thumb/v7e-m+fp/hard\libc_nano.a(lib_a-findfp.o)
                0x000000000800e68c                _cleanup_r
 .text.__sfmoreglue
                0x000000000800e698       0x2c d:/stmcubeid/stm32cubeide_1.10.1/stm32cubeide/plugins/com.st.stm32cube.ide.mcu.externaltools.gnu-tools-for-stm32.10.3-2021.10.win32_1.0.0.202111181127/tools/bin/../lib/gcc/arm-none-eabi/10.3.1/../../../../arm-none-eabi/lib/thumb/v7e-m+fp/hard\libc_nano.a(lib_a-findfp.o)
                0x000000000800e698                __sfmoreglue
 .text.__sfp_lock_acquire
                0x000000000800e6c4        0xc d:/stmcubeid/stm32cubeide_1.10.1/stm32cubeide/plugins/com.st.stm32cube.ide.mcu.externaltools.gnu-tools-for-stm32.10.3-2021.10.win32_1.0.0.202111181127/tools/bin/../lib/gcc/arm-none-eabi/10.3.1/../../../../arm-none-eabi/lib/thumb/v7e-m+fp/hard\libc_nano.a(lib_a-findfp.o)
                0x000000000800e6c4                __sfp_lock_acquire
 .text.__sfp_lock_release
                0x000000000800e6d0        0xc d:/stmcubeid/stm32cubeide_1.10.1/stm32cubeide/plugins/com.st.stm32cube.ide.mcu.externaltools.gnu-tools-for-stm32.10.3-2021.10.win32_1.0.0.202111181127/tools/bin/../lib/gcc/arm-none-eabi/10.3.1/../../../../arm-none-eabi/lib/thumb/v7e-m+fp/hard\libc_nano.a(lib_a-findfp.o)
                0x000000000800e6d0                __sfp_lock_release
 .text.__sinit_lock_acquire
                0x000000000800e6dc        0xc d:/stmcubeid/stm32cubeide_1.10.1/stm32cubeide/plugins/com.st.stm32cube.ide.mcu.externaltools.gnu-tools-for-stm32.10.3-2021.10.win32_1.0.0.202111181127/tools/bin/../lib/gcc/arm-none-eabi/10.3.1/../../../../arm-none-eabi/lib/thumb/v7e-m+fp/hard\libc_nano.a(lib_a-findfp.o)
                0x000000000800e6dc                __sinit_lock_acquire
 .text.__sinit_lock_release
                0x000000000800e6e8        0xc d:/stmcubeid/stm32cubeide_1.10.1/stm32cubeide/plugins/com.st.stm32cube.ide.mcu.externaltools.gnu-tools-for-stm32.10.3-2021.10.win32_1.0.0.202111181127/tools/bin/../lib/gcc/arm-none-eabi/10.3.1/../../../../arm-none-eabi/lib/thumb/v7e-m+fp/hard\libc_nano.a(lib_a-findfp.o)
                0x000000000800e6e8                __sinit_lock_release
 .text.__sinit  0x000000000800e6f4       0x70 d:/stmcubeid/stm32cubeide_1.10.1/stm32cubeide/plugins/com.st.stm32cube.ide.mcu.externaltools.gnu-tools-for-stm32.10.3-2021.10.win32_1.0.0.202111181127/tools/bin/../lib/gcc/arm-none-eabi/10.3.1/../../../../arm-none-eabi/lib/thumb/v7e-m+fp/hard\libc_nano.a(lib_a-findfp.o)
                0x000000000800e6f4                __sinit
 .text.__sfp    0x000000000800e764       0x8c d:/stmcubeid/stm32cubeide_1.10.1/stm32cubeide/plugins/com.st.stm32cube.ide.mcu.externaltools.gnu-tools-for-stm32.10.3-2021.10.win32_1.0.0.202111181127/tools/bin/../lib/gcc/arm-none-eabi/10.3.1/../../../../arm-none-eabi/lib/thumb/v7e-m+fp/hard\libc_nano.a(lib_a-findfp.o)
                0x000000000800e764                __sfp
 .text._fwalk_reent
                0x000000000800e7f0       0x3e d:/stmcubeid/stm32cubeide_1.10.1/stm32cubeide/plugins/com.st.stm32cube.ide.mcu.externaltools.gnu-tools-for-stm32.10.3-2021.10.win32_1.0.0.202111181127/tools/bin/../lib/gcc/arm-none-eabi/10.3.1/../../../../arm-none-eabi/lib/thumb/v7e-m+fp/hard\libc_nano.a(lib_a-fwalk.o)
                0x000000000800e7f0                _fwalk_reent
 .text.__retarget_lock_init_recursive